###############################################################################
#
# IAR ELF Linker V9.10.1.308/W64 for ARM                  19/Sep/2021  13:22:56
# Copyright 2007-2021 IAR Systems AB.
#
#    Output file  =
#        d:\Embedded\Projects\OpenSource\Backup
#        controller_v2.0\Software\Regulated_power_source\OUTPUT\RPWRS.out
#    Map file     =
#        d:\Embedded\Projects\OpenSource\Backup
#        controller_v2.0\Software\Regulated_power_source\OUTPUT\list\RPWRS.map
#    Command line =
#        -f "d:\Embedded\Projects\OpenSource\Backup
#        controller_v2.0\Software\Regulated_power_source\OUTPUT\list\RPWRS.map.rsp"
#        ("d:\Embedded\Projects\OpenSource\Backup
#        controller_v2.0\Software\Regulated_power_source\OUTPUT\obj\RegulatedPowerSource\APP\ACS37800.o"
#        "d:\Embedded\Projects\OpenSource\Backup
#        controller_v2.0\Software\Regulated_power_source\OUTPUT\obj\RegulatedPowerSource\APP\Analog_inputs.o"
#        "d:\Embedded\Projects\OpenSource\Backup
#        controller_v2.0\Software\Regulated_power_source\OUTPUT\obj\RegulatedPowerSource\APP\App_utils.o"
#        "d:\Embedded\Projects\OpenSource\Backup
#        controller_v2.0\Software\Regulated_power_source\OUTPUT\obj\RegulatedPowerSource\APP\Peripherial\BKMAN1_2_ADC.o"
#        "d:\Embedded\Projects\OpenSource\Backup
#        controller_v2.0\Software\Regulated_power_source\OUTPUT\obj\RegulatedPowerSource\APP\Peripherial\BKMAN1_2_CAN.o"
#        "d:\Embedded\Projects\OpenSource\Backup
#        controller_v2.0\Software\Regulated_power_source\OUTPUT\obj\RegulatedPowerSource\APP\Peripherial\BKMAN1_2_clock_config.o"
#        "d:\Embedded\Projects\OpenSource\Backup
#        controller_v2.0\Software\Regulated_power_source\OUTPUT\obj\RegulatedPowerSource\APP\Peripherial\BKMAN1_2_DMA.o"
#        "d:\Embedded\Projects\OpenSource\Backup
#        controller_v2.0\Software\Regulated_power_source\OUTPUT\obj\RegulatedPowerSource\APP\Peripherial\BKMAN1_2_Flash.o"
#        "d:\Embedded\Projects\OpenSource\Backup
#        controller_v2.0\Software\Regulated_power_source\OUTPUT\obj\RegulatedPowerSource\APP\Parameters\BKMAN1_2_FreeMaster_vars.o"
#        "d:\Embedded\Projects\OpenSource\Backup
#        controller_v2.0\Software\Regulated_power_source\OUTPUT\obj\RegulatedPowerSource\APP\Peripherial\BKMAN1_2_I2C.o"
#        "d:\Embedded\Projects\OpenSource\Backup
#        controller_v2.0\Software\Regulated_power_source\OUTPUT\obj\RegulatedPowerSource\APP\VT100\BKMAN1_2_monitor.o"
#        "d:\Embedded\Projects\OpenSource\Backup
#        controller_v2.0\Software\Regulated_power_source\OUTPUT\obj\RegulatedPowerSource\APP\Parameters\BKMAN1_2_Params.o"
#        "d:\Embedded\Projects\OpenSource\Backup
#        controller_v2.0\Software\Regulated_power_source\OUTPUT\obj\RegulatedPowerSource\APP\Parameters\BKMAN1_2_Params_dyn_tables.o"
#        "d:\Embedded\Projects\OpenSource\Backup
#        controller_v2.0\Software\Regulated_power_source\OUTPUT\obj\RegulatedPowerSource\APP\Peripherial\BKMAN1_2_PINS.o"
#        "d:\Embedded\Projects\OpenSource\Backup
#        controller_v2.0\Software\Regulated_power_source\OUTPUT\obj\RegulatedPowerSource\APP\Peripherial\BKMAN1_2_PIT.o"
#        "d:\Embedded\Projects\OpenSource\Backup
#        controller_v2.0\Software\Regulated_power_source\OUTPUT\obj\RegulatedPowerSource\APP\Peripherial\BKMAN1_2_SPI.o"
#        "d:\Embedded\Projects\OpenSource\Backup
#        controller_v2.0\Software\Regulated_power_source\OUTPUT\obj\RegulatedPowerSource\APP\Peripherial\BKMAN1_2_UART.o"
#        "d:\Embedded\Projects\OpenSource\Backup
#        controller_v2.0\Software\Regulated_power_source\OUTPUT\obj\RegulatedPowerSource\APP\CRC_utils.o"
#        "d:\Embedded\Projects\OpenSource\Backup
#        controller_v2.0\Software\Regulated_power_source\OUTPUT\obj\RegulatedPowerSource\APP\DCDC_DAC80501.o"
#        "d:\Embedded\Projects\OpenSource\Backup
#        controller_v2.0\Software\Regulated_power_source\OUTPUT\obj\RegulatedPowerSource\APP\Filters.o"
#        "d:\Embedded\Projects\OpenSource\Backup
#        controller_v2.0\Software\Regulated_power_source\OUTPUT\obj\RegulatedPowerSource\APP\FreeMaster\freemaster_appcmd.o"
#        "d:\Embedded\Projects\OpenSource\Backup
#        controller_v2.0\Software\Regulated_power_source\OUTPUT\obj\RegulatedPowerSource\APP\FreeMaster\freemaster_can.o"
#        "d:\Embedded\Projects\OpenSource\Backup
#        controller_v2.0\Software\Regulated_power_source\OUTPUT\obj\RegulatedPowerSource\APP\FreeMaster\freemaster_pdbdm.o"
#        "d:\Embedded\Projects\OpenSource\Backup
#        controller_v2.0\Software\Regulated_power_source\OUTPUT\obj\RegulatedPowerSource\APP\FreeMaster\freemaster_pipes.o"
#        "d:\Embedded\Projects\OpenSource\Backup
#        controller_v2.0\Software\Regulated_power_source\OUTPUT\obj\RegulatedPowerSource\APP\FreeMaster\freemaster_protocol.o"
#        "d:\Embedded\Projects\OpenSource\Backup
#        controller_v2.0\Software\Regulated_power_source\OUTPUT\obj\RegulatedPowerSource\APP\FreeMaster\freemaster_rec.o"
#        "d:\Embedded\Projects\OpenSource\Backup
#        controller_v2.0\Software\Regulated_power_source\OUTPUT\obj\RegulatedPowerSource\APP\FreeMaster\freemaster_scope.o"
#        "d:\Embedded\Projects\OpenSource\Backup
#        controller_v2.0\Software\Regulated_power_source\OUTPUT\obj\RegulatedPowerSource\APP\FreeMaster\freemaster_serial.o"
#        "d:\Embedded\Projects\OpenSource\Backup
#        controller_v2.0\Software\Regulated_power_source\OUTPUT\obj\RegulatedPowerSource\APP\FreeMaster\driver\freemaster_serial_lpuart.o"
#        "d:\Embedded\Projects\OpenSource\Backup
#        controller_v2.0\Software\Regulated_power_source\OUTPUT\obj\RegulatedPowerSource\APP\FreeMaster\freemaster_sha.o"
#        "d:\Embedded\Projects\OpenSource\Backup
#        controller_v2.0\Software\Regulated_power_source\OUTPUT\obj\RegulatedPowerSource\APP\FreeMaster_task.o"
#        "d:\Embedded\Projects\OpenSource\Backup
#        controller_v2.0\Software\Regulated_power_source\OUTPUT\obj\RegulatedPowerSource\APP\FreeMaster\freemaster_tsa.o"
#        "d:\Embedded\Projects\OpenSource\Backup
#        controller_v2.0\Software\Regulated_power_source\OUTPUT\obj\RegulatedPowerSource\APP\FreeMaster\freemaster_ures.o"
#        "d:\Embedded\Projects\OpenSource\Backup
#        controller_v2.0\Software\Regulated_power_source\OUTPUT\obj\RegulatedPowerSource\APP\FreeMaster\freemaster_utils.o"
#        "d:\Embedded\Projects\OpenSource\Backup
#        controller_v2.0\Software\Regulated_power_source\OUTPUT\obj\RegulatedPowerSource\APP\FreeMaster_vars_map.o"
#        "d:\Embedded\Projects\OpenSource\Backup
#        controller_v2.0\Software\Regulated_power_source\OUTPUT\obj\RegulatedPowerSource\FSL\fsl_clock.o"
#        "d:\Embedded\Projects\OpenSource\Backup
#        controller_v2.0\Software\Regulated_power_source\OUTPUT\obj\RegulatedPowerSource\FSL\fsl_common.o"
#        "d:\Embedded\Projects\OpenSource\Backup
#        controller_v2.0\Software\Regulated_power_source\OUTPUT\obj\RegulatedPowerSource\FSL\fsl_dmamux.o"
#        "d:\Embedded\Projects\OpenSource\Backup
#        controller_v2.0\Software\Regulated_power_source\OUTPUT\obj\RegulatedPowerSource\FSL\fsl_edma.o"
#        "d:\Embedded\Projects\OpenSource\Backup
#        controller_v2.0\Software\Regulated_power_source\OUTPUT\obj\RegulatedPowerSource\FSL\fsl_gpio.o"
#        "d:\Embedded\Projects\OpenSource\Backup
#        controller_v2.0\Software\Regulated_power_source\OUTPUT\obj\RegulatedPowerSource\FSL\fsl_lpi2c.o"
#        "d:\Embedded\Projects\OpenSource\Backup
#        controller_v2.0\Software\Regulated_power_source\OUTPUT\obj\RegulatedPowerSource\FSL\fsl_lpi2c_edma.o"
#        "d:\Embedded\Projects\OpenSource\Backup
#        controller_v2.0\Software\Regulated_power_source\OUTPUT\obj\RegulatedPowerSource\FSL\fsl_smc.o"
#        "d:\Embedded\Projects\OpenSource\Backup
#        controller_v2.0\Software\Regulated_power_source\OUTPUT\obj\RegulatedPowerSource\FSL\fsl_str.o"
#        "d:\Embedded\Projects\OpenSource\Backup
#        controller_v2.0\Software\Regulated_power_source\OUTPUT\obj\RegulatedPowerSource\APP\IDLE_task.o"
#        "d:\Embedded\Projects\OpenSource\Backup
#        controller_v2.0\Software\Regulated_power_source\OUTPUT\obj\RegulatedPowerSource\APP\Inputs.o"
#        "d:\Embedded\Projects\OpenSource\Backup
#        controller_v2.0\Software\Regulated_power_source\OUTPUT\obj\RegulatedPowerSource\APP\logger.o"
#        "d:\Embedded\Projects\OpenSource\Backup
#        controller_v2.0\Software\Regulated_power_source\OUTPUT\obj\RegulatedPowerSource\APP\main.o"
#        "d:\Embedded\Projects\OpenSource\Backup
#        controller_v2.0\Software\Regulated_power_source\OUTPUT\obj\RegulatedPowerSource\APP\Mem_man.o"
#        "d:\Embedded\Projects\OpenSource\Backup
#        controller_v2.0\Software\Regulated_power_source\OUTPUT\obj\RegulatedPowerSource\APP\VT100\Monitor_serial_drv.o"
#        "d:\Embedded\Projects\OpenSource\Backup
#        controller_v2.0\Software\Regulated_power_source\OUTPUT\obj\RegulatedPowerSource\APP\VT100\MonitorVT100.o"
#        "d:\Embedded\Projects\OpenSource\Backup
#        controller_v2.0\Software\Regulated_power_source\OUTPUT\obj\RegulatedPowerSource\APP\Parameters\NV_store.o"
#        "d:\Embedded\Projects\OpenSource\Backup
#        controller_v2.0\Software\Regulated_power_source\OUTPUT\obj\RegulatedPowerSource\APP\OLED_control.o"
#        "d:\Embedded\Projects\OpenSource\Backup
#        controller_v2.0\Software\Regulated_power_source\OUTPUT\obj\RegulatedPowerSource\APP\Outputs.o"
#        "d:\Embedded\Projects\OpenSource\Backup
#        controller_v2.0\Software\Regulated_power_source\OUTPUT\obj\RegulatedPowerSource\APP\VT100\Params_editor.o"
#        "d:\Embedded\Projects\OpenSource\Backup
#        controller_v2.0\Software\Regulated_power_source\OUTPUT\obj\RegulatedPowerSource\APP\Sdelay.o"
#        "d:\Embedded\Projects\OpenSource\Backup
#        controller_v2.0\Software\Regulated_power_source\OUTPUT\obj\RegulatedPowerSource\APP\startup_MKE18F16.o"
#        "d:\Embedded\Projects\OpenSource\Backup
#        controller_v2.0\Software\Regulated_power_source\OUTPUT\obj\RegulatedPowerSource\FSL\system_MKE18F16.o"
#        "d:\Embedded\Projects\OpenSource\Backup
#        controller_v2.0\Software\Regulated_power_source\OUTPUT\obj\RegulatedPowerSource\APP\Time_utils.o"
#        "d:\Embedded\Projects\OpenSource\Backup
#        controller_v2.0\Software\Regulated_power_source\OUTPUT\obj\RegulatedPowerSource\ThreadX\src\tx_block_allocate.o"
#        "d:\Embedded\Projects\OpenSource\Backup
#        controller_v2.0\Software\Regulated_power_source\OUTPUT\obj\RegulatedPowerSource\ThreadX\src\tx_block_pool_cleanup.o"
#        "d:\Embedded\Projects\OpenSource\Backup
#        controller_v2.0\Software\Regulated_power_source\OUTPUT\obj\RegulatedPowerSource\ThreadX\src\tx_block_pool_create.o"
#        "d:\Embedded\Projects\OpenSource\Backup
#        controller_v2.0\Software\Regulated_power_source\OUTPUT\obj\RegulatedPowerSource\ThreadX\src\tx_block_pool_delete.o"
#        "d:\Embedded\Projects\OpenSource\Backup
#        controller_v2.0\Software\Regulated_power_source\OUTPUT\obj\RegulatedPowerSource\ThreadX\src\tx_block_pool_info_get.o"
#        "d:\Embedded\Projects\OpenSource\Backup
#        controller_v2.0\Software\Regulated_power_source\OUTPUT\obj\RegulatedPowerSource\ThreadX\src\tx_block_pool_initialize.o"
#        "d:\Embedded\Projects\OpenSource\Backup
#        controller_v2.0\Software\Regulated_power_source\OUTPUT\obj\RegulatedPowerSource\ThreadX\src\tx_block_pool_performance_info_get.o"
#        "d:\Embedded\Projects\OpenSource\Backup
#        controller_v2.0\Software\Regulated_power_source\OUTPUT\obj\RegulatedPowerSource\ThreadX\src\tx_block_pool_performance_system_info_get.o"
#        "d:\Embedded\Projects\OpenSource\Backup
#        controller_v2.0\Software\Regulated_power_source\OUTPUT\obj\RegulatedPowerSource\ThreadX\src\tx_block_pool_prioritize.o"
#        "d:\Embedded\Projects\OpenSource\Backup
#        controller_v2.0\Software\Regulated_power_source\OUTPUT\obj\RegulatedPowerSource\ThreadX\src\tx_block_release.o"
#        "d:\Embedded\Projects\OpenSource\Backup
#        controller_v2.0\Software\Regulated_power_source\OUTPUT\obj\RegulatedPowerSource\ThreadX\src\tx_byte_allocate.o"
#        "d:\Embedded\Projects\OpenSource\Backup
#        controller_v2.0\Software\Regulated_power_source\OUTPUT\obj\RegulatedPowerSource\ThreadX\src\tx_byte_pool_cleanup.o"
#        "d:\Embedded\Projects\OpenSource\Backup
#        controller_v2.0\Software\Regulated_power_source\OUTPUT\obj\RegulatedPowerSource\ThreadX\src\tx_byte_pool_create.o"
#        "d:\Embedded\Projects\OpenSource\Backup
#        controller_v2.0\Software\Regulated_power_source\OUTPUT\obj\RegulatedPowerSource\ThreadX\src\tx_byte_pool_delete.o"
#        "d:\Embedded\Projects\OpenSource\Backup
#        controller_v2.0\Software\Regulated_power_source\OUTPUT\obj\RegulatedPowerSource\ThreadX\src\tx_byte_pool_info_get.o"
#        "d:\Embedded\Projects\OpenSource\Backup
#        controller_v2.0\Software\Regulated_power_source\OUTPUT\obj\RegulatedPowerSource\ThreadX\src\tx_byte_pool_initialize.o"
#        "d:\Embedded\Projects\OpenSource\Backup
#        controller_v2.0\Software\Regulated_power_source\OUTPUT\obj\RegulatedPowerSource\ThreadX\src\tx_byte_pool_performance_info_get.o"
#        "d:\Embedded\Projects\OpenSource\Backup
#        controller_v2.0\Software\Regulated_power_source\OUTPUT\obj\RegulatedPowerSource\ThreadX\src\tx_byte_pool_performance_system_info_get.o"
#        "d:\Embedded\Projects\OpenSource\Backup
#        controller_v2.0\Software\Regulated_power_source\OUTPUT\obj\RegulatedPowerSource\ThreadX\src\tx_byte_pool_prioritize.o"
#        "d:\Embedded\Projects\OpenSource\Backup
#        controller_v2.0\Software\Regulated_power_source\OUTPUT\obj\RegulatedPowerSource\ThreadX\src\tx_byte_pool_search.o"
#        "d:\Embedded\Projects\OpenSource\Backup
#        controller_v2.0\Software\Regulated_power_source\OUTPUT\obj\RegulatedPowerSource\ThreadX\src\tx_byte_release.o"
#        "d:\Embedded\Projects\OpenSource\Backup
#        controller_v2.0\Software\Regulated_power_source\OUTPUT\obj\RegulatedPowerSource\ThreadX\src\tx_event_flags_cleanup.o"
#        "d:\Embedded\Projects\OpenSource\Backup
#        controller_v2.0\Software\Regulated_power_source\OUTPUT\obj\RegulatedPowerSource\ThreadX\src\tx_event_flags_create.o"
#        "d:\Embedded\Projects\OpenSource\Backup
#        controller_v2.0\Software\Regulated_power_source\OUTPUT\obj\RegulatedPowerSource\ThreadX\src\tx_event_flags_delete.o"
#        "d:\Embedded\Projects\OpenSource\Backup
#        controller_v2.0\Software\Regulated_power_source\OUTPUT\obj\RegulatedPowerSource\ThreadX\src\tx_event_flags_get.o"
#        "d:\Embedded\Projects\OpenSource\Backup
#        controller_v2.0\Software\Regulated_power_source\OUTPUT\obj\RegulatedPowerSource\ThreadX\src\tx_event_flags_info_get.o"
#        "d:\Embedded\Projects\OpenSource\Backup
#        controller_v2.0\Software\Regulated_power_source\OUTPUT\obj\RegulatedPowerSource\ThreadX\src\tx_event_flags_initialize.o"
#        "d:\Embedded\Projects\OpenSource\Backup
#        controller_v2.0\Software\Regulated_power_source\OUTPUT\obj\RegulatedPowerSource\ThreadX\src\tx_event_flags_performance_info_get.o"
#        "d:\Embedded\Projects\OpenSource\Backup
#        controller_v2.0\Software\Regulated_power_source\OUTPUT\obj\RegulatedPowerSource\ThreadX\src\tx_event_flags_performance_system_info_get.o"
#        "d:\Embedded\Projects\OpenSource\Backup
#        controller_v2.0\Software\Regulated_power_source\OUTPUT\obj\RegulatedPowerSource\ThreadX\src\tx_event_flags_set.o"
#        "d:\Embedded\Projects\OpenSource\Backup
#        controller_v2.0\Software\Regulated_power_source\OUTPUT\obj\RegulatedPowerSource\ThreadX\src\tx_event_flags_set_notify.o"
#        "d:\Embedded\Projects\OpenSource\Backup
#        controller_v2.0\Software\Regulated_power_source\OUTPUT\obj\RegulatedPowerSource\ThreadX\execution_profile_kit\tx_execution_profile.o"
#        "d:\Embedded\Projects\OpenSource\Backup
#        controller_v2.0\Software\Regulated_power_source\OUTPUT\obj\RegulatedPowerSource\ThreadX\port\src\tx_iar.o"
#        "d:\Embedded\Projects\OpenSource\Backup
#        controller_v2.0\Software\Regulated_power_source\OUTPUT\obj\RegulatedPowerSource\ThreadX\src\tx_initialize_high_level.o"
#        "d:\Embedded\Projects\OpenSource\Backup
#        controller_v2.0\Software\Regulated_power_source\OUTPUT\obj\RegulatedPowerSource\ThreadX\src\tx_initialize_kernel_enter.o"
#        "d:\Embedded\Projects\OpenSource\Backup
#        controller_v2.0\Software\Regulated_power_source\OUTPUT\obj\RegulatedPowerSource\ThreadX\src\tx_initialize_kernel_setup.o"
#        "d:\Embedded\Projects\OpenSource\Backup
#        controller_v2.0\Software\Regulated_power_source\OUTPUT\obj\RegulatedPowerSource\ThreadX\tx_initialize_low_level.o"
#        "d:\Embedded\Projects\OpenSource\Backup
#        controller_v2.0\Software\Regulated_power_source\OUTPUT\obj\RegulatedPowerSource\ThreadX\src\tx_misra.o"
#        "d:\Embedded\Projects\OpenSource\Backup
#        controller_v2.0\Software\Regulated_power_source\OUTPUT\obj\RegulatedPowerSource\ThreadX\src\tx_mutex_cleanup.o"
#        "d:\Embedded\Projects\OpenSource\Backup
#        controller_v2.0\Software\Regulated_power_source\OUTPUT\obj\RegulatedPowerSource\ThreadX\src\tx_mutex_create.o"
#        "d:\Embedded\Projects\OpenSource\Backup
#        controller_v2.0\Software\Regulated_power_source\OUTPUT\obj\RegulatedPowerSource\ThreadX\src\tx_mutex_delete.o"
#        "d:\Embedded\Projects\OpenSource\Backup
#        controller_v2.0\Software\Regulated_power_source\OUTPUT\obj\RegulatedPowerSource\ThreadX\src\tx_mutex_get.o"
#        "d:\Embedded\Projects\OpenSource\Backup
#        controller_v2.0\Software\Regulated_power_source\OUTPUT\obj\RegulatedPowerSource\ThreadX\src\tx_mutex_info_get.o"
#        "d:\Embedded\Projects\OpenSource\Backup
#        controller_v2.0\Software\Regulated_power_source\OUTPUT\obj\RegulatedPowerSource\ThreadX\src\tx_mutex_initialize.o"
#        "d:\Embedded\Projects\OpenSource\Backup
#        controller_v2.0\Software\Regulated_power_source\OUTPUT\obj\RegulatedPowerSource\ThreadX\src\tx_mutex_performance_info_get.o"
#        "d:\Embedded\Projects\OpenSource\Backup
#        controller_v2.0\Software\Regulated_power_source\OUTPUT\obj\RegulatedPowerSource\ThreadX\src\tx_mutex_performance_system_info_get.o"
#        "d:\Embedded\Projects\OpenSource\Backup
#        controller_v2.0\Software\Regulated_power_source\OUTPUT\obj\RegulatedPowerSource\ThreadX\src\tx_mutex_prioritize.o"
#        "d:\Embedded\Projects\OpenSource\Backup
#        controller_v2.0\Software\Regulated_power_source\OUTPUT\obj\RegulatedPowerSource\ThreadX\src\tx_mutex_priority_change.o"
#        "d:\Embedded\Projects\OpenSource\Backup
#        controller_v2.0\Software\Regulated_power_source\OUTPUT\obj\RegulatedPowerSource\ThreadX\src\tx_mutex_put.o"
#        "d:\Embedded\Projects\OpenSource\Backup
#        controller_v2.0\Software\Regulated_power_source\OUTPUT\obj\RegulatedPowerSource\ThreadX\src\tx_queue_cleanup.o"
#        "d:\Embedded\Projects\OpenSource\Backup
#        controller_v2.0\Software\Regulated_power_source\OUTPUT\obj\RegulatedPowerSource\ThreadX\src\tx_queue_create.o"
#        "d:\Embedded\Projects\OpenSource\Backup
#        controller_v2.0\Software\Regulated_power_source\OUTPUT\obj\RegulatedPowerSource\ThreadX\src\tx_queue_delete.o"
#        "d:\Embedded\Projects\OpenSource\Backup
#        controller_v2.0\Software\Regulated_power_source\OUTPUT\obj\RegulatedPowerSource\ThreadX\src\tx_queue_flush.o"
#        "d:\Embedded\Projects\OpenSource\Backup
#        controller_v2.0\Software\Regulated_power_source\OUTPUT\obj\RegulatedPowerSource\ThreadX\src\tx_queue_front_send.o"
#        "d:\Embedded\Projects\OpenSource\Backup
#        controller_v2.0\Software\Regulated_power_source\OUTPUT\obj\RegulatedPowerSource\ThreadX\src\tx_queue_info_get.o"
#        "d:\Embedded\Projects\OpenSource\Backup
#        controller_v2.0\Software\Regulated_power_source\OUTPUT\obj\RegulatedPowerSource\ThreadX\src\tx_queue_initialize.o"
#        "d:\Embedded\Projects\OpenSource\Backup
#        controller_v2.0\Software\Regulated_power_source\OUTPUT\obj\RegulatedPowerSource\ThreadX\src\tx_queue_performance_info_get.o"
#        "d:\Embedded\Projects\OpenSource\Backup
#        controller_v2.0\Software\Regulated_power_source\OUTPUT\obj\RegulatedPowerSource\ThreadX\src\tx_queue_performance_system_info_get.o"
#        "d:\Embedded\Projects\OpenSource\Backup
#        controller_v2.0\Software\Regulated_power_source\OUTPUT\obj\RegulatedPowerSource\ThreadX\src\tx_queue_prioritize.o"
#        "d:\Embedded\Projects\OpenSource\Backup
#        controller_v2.0\Software\Regulated_power_source\OUTPUT\obj\RegulatedPowerSource\ThreadX\src\tx_queue_receive.o"
#        "d:\Embedded\Projects\OpenSource\Backup
#        controller_v2.0\Software\Regulated_power_source\OUTPUT\obj\RegulatedPowerSource\ThreadX\src\tx_queue_send.o"
#        "d:\Embedded\Projects\OpenSource\Backup
#        controller_v2.0\Software\Regulated_power_source\OUTPUT\obj\RegulatedPowerSource\ThreadX\src\tx_queue_send_notify.o"
#        "d:\Embedded\Projects\OpenSource\Backup
#        controller_v2.0\Software\Regulated_power_source\OUTPUT\obj\RegulatedPowerSource\ThreadX\src\tx_semaphore_ceiling_put.o"
#        "d:\Embedded\Projects\OpenSource\Backup
#        controller_v2.0\Software\Regulated_power_source\OUTPUT\obj\RegulatedPowerSource\ThreadX\src\tx_semaphore_cleanup.o"
#        "d:\Embedded\Projects\OpenSource\Backup
#        controller_v2.0\Software\Regulated_power_source\OUTPUT\obj\RegulatedPowerSource\ThreadX\src\tx_semaphore_create.o"
#        "d:\Embedded\Projects\OpenSource\Backup
#        controller_v2.0\Software\Regulated_power_source\OUTPUT\obj\RegulatedPowerSource\ThreadX\src\tx_semaphore_delete.o"
#        "d:\Embedded\Projects\OpenSource\Backup
#        controller_v2.0\Software\Regulated_power_source\OUTPUT\obj\RegulatedPowerSource\ThreadX\src\tx_semaphore_get.o"
#        "d:\Embedded\Projects\OpenSource\Backup
#        controller_v2.0\Software\Regulated_power_source\OUTPUT\obj\RegulatedPowerSource\ThreadX\src\tx_semaphore_info_get.o"
#        "d:\Embedded\Projects\OpenSource\Backup
#        controller_v2.0\Software\Regulated_power_source\OUTPUT\obj\RegulatedPowerSource\ThreadX\src\tx_semaphore_initialize.o"
#        "d:\Embedded\Projects\OpenSource\Backup
#        controller_v2.0\Software\Regulated_power_source\OUTPUT\obj\RegulatedPowerSource\ThreadX\src\tx_semaphore_performance_info_get.o"
#        "d:\Embedded\Projects\OpenSource\Backup
#        controller_v2.0\Software\Regulated_power_source\OUTPUT\obj\RegulatedPowerSource\ThreadX\src\tx_semaphore_performance_system_info_get.o"
#        "d:\Embedded\Projects\OpenSource\Backup
#        controller_v2.0\Software\Regulated_power_source\OUTPUT\obj\RegulatedPowerSource\ThreadX\src\tx_semaphore_prioritize.o"
#        "d:\Embedded\Projects\OpenSource\Backup
#        controller_v2.0\Software\Regulated_power_source\OUTPUT\obj\RegulatedPowerSource\ThreadX\src\tx_semaphore_put.o"
#        "d:\Embedded\Projects\OpenSource\Backup
#        controller_v2.0\Software\Regulated_power_source\OUTPUT\obj\RegulatedPowerSource\ThreadX\src\tx_semaphore_put_notify.o"
#        "d:\Embedded\Projects\OpenSource\Backup
#        controller_v2.0\Software\Regulated_power_source\OUTPUT\obj\RegulatedPowerSource\ThreadX\port\src\tx_thread_context_restore.o"
#        "d:\Embedded\Projects\OpenSource\Backup
#        controller_v2.0\Software\Regulated_power_source\OUTPUT\obj\RegulatedPowerSource\ThreadX\port\src\tx_thread_context_save.o"
#        "d:\Embedded\Projects\OpenSource\Backup
#        controller_v2.0\Software\Regulated_power_source\OUTPUT\obj\RegulatedPowerSource\ThreadX\src\tx_thread_create.o"
#        "d:\Embedded\Projects\OpenSource\Backup
#        controller_v2.0\Software\Regulated_power_source\OUTPUT\obj\RegulatedPowerSource\ThreadX\src\tx_thread_delete.o"
#        "d:\Embedded\Projects\OpenSource\Backup
#        controller_v2.0\Software\Regulated_power_source\OUTPUT\obj\RegulatedPowerSource\ThreadX\src\tx_thread_entry_exit_notify.o"
#        "d:\Embedded\Projects\OpenSource\Backup
#        controller_v2.0\Software\Regulated_power_source\OUTPUT\obj\RegulatedPowerSource\ThreadX\src\tx_thread_identify.o"
#        "d:\Embedded\Projects\OpenSource\Backup
#        controller_v2.0\Software\Regulated_power_source\OUTPUT\obj\RegulatedPowerSource\ThreadX\src\tx_thread_info_get.o"
#        "d:\Embedded\Projects\OpenSource\Backup
#        controller_v2.0\Software\Regulated_power_source\OUTPUT\obj\RegulatedPowerSource\ThreadX\src\tx_thread_initialize.o"
#        "d:\Embedded\Projects\OpenSource\Backup
#        controller_v2.0\Software\Regulated_power_source\OUTPUT\obj\RegulatedPowerSource\ThreadX\port\src\tx_thread_interrupt_control.o"
#        "d:\Embedded\Projects\OpenSource\Backup
#        controller_v2.0\Software\Regulated_power_source\OUTPUT\obj\RegulatedPowerSource\ThreadX\port\src\tx_thread_interrupt_disable.o"
#        "d:\Embedded\Projects\OpenSource\Backup
#        controller_v2.0\Software\Regulated_power_source\OUTPUT\obj\RegulatedPowerSource\ThreadX\port\src\tx_thread_interrupt_restore.o"
#        "d:\Embedded\Projects\OpenSource\Backup
#        controller_v2.0\Software\Regulated_power_source\OUTPUT\obj\RegulatedPowerSource\ThreadX\src\tx_thread_performance_info_get.o"
#        "d:\Embedded\Projects\OpenSource\Backup
#        controller_v2.0\Software\Regulated_power_source\OUTPUT\obj\RegulatedPowerSource\ThreadX\src\tx_thread_performance_system_info_get.o"
#        "d:\Embedded\Projects\OpenSource\Backup
#        controller_v2.0\Software\Regulated_power_source\OUTPUT\obj\RegulatedPowerSource\ThreadX\src\tx_thread_preemption_change.o"
#        "d:\Embedded\Projects\OpenSource\Backup
#        controller_v2.0\Software\Regulated_power_source\OUTPUT\obj\RegulatedPowerSource\ThreadX\src\tx_thread_priority_change.o"
#        "d:\Embedded\Projects\OpenSource\Backup
#        controller_v2.0\Software\Regulated_power_source\OUTPUT\obj\RegulatedPowerSource\ThreadX\src\tx_thread_relinquish.o"
#        "d:\Embedded\Projects\OpenSource\Backup
#        controller_v2.0\Software\Regulated_power_source\OUTPUT\obj\RegulatedPowerSource\ThreadX\src\tx_thread_reset.o"
#        "d:\Embedded\Projects\OpenSource\Backup
#        controller_v2.0\Software\Regulated_power_source\OUTPUT\obj\RegulatedPowerSource\ThreadX\src\tx_thread_resume.o"
#        "d:\Embedded\Projects\OpenSource\Backup
#        controller_v2.0\Software\Regulated_power_source\OUTPUT\obj\RegulatedPowerSource\ThreadX\port\src\tx_thread_schedule.o"
#        "d:\Embedded\Projects\OpenSource\Backup
#        controller_v2.0\Software\Regulated_power_source\OUTPUT\obj\RegulatedPowerSource\ThreadX\src\tx_thread_shell_entry.o"
#        "d:\Embedded\Projects\OpenSource\Backup
#        controller_v2.0\Software\Regulated_power_source\OUTPUT\obj\RegulatedPowerSource\ThreadX\src\tx_thread_sleep.o"
#        "d:\Embedded\Projects\OpenSource\Backup
#        controller_v2.0\Software\Regulated_power_source\OUTPUT\obj\RegulatedPowerSource\ThreadX\src\tx_thread_stack_analyze.o"
#        "d:\Embedded\Projects\OpenSource\Backup
#        controller_v2.0\Software\Regulated_power_source\OUTPUT\obj\RegulatedPowerSource\ThreadX\port\src\tx_thread_stack_build.o"
#        "d:\Embedded\Projects\OpenSource\Backup
#        controller_v2.0\Software\Regulated_power_source\OUTPUT\obj\RegulatedPowerSource\ThreadX\src\tx_thread_stack_error_handler.o"
#        "d:\Embedded\Projects\OpenSource\Backup
#        controller_v2.0\Software\Regulated_power_source\OUTPUT\obj\RegulatedPowerSource\ThreadX\src\tx_thread_stack_error_notify.o"
#        "d:\Embedded\Projects\OpenSource\Backup
#        controller_v2.0\Software\Regulated_power_source\OUTPUT\obj\RegulatedPowerSource\ThreadX\src\tx_thread_suspend.o"
#        "d:\Embedded\Projects\OpenSource\Backup
#        controller_v2.0\Software\Regulated_power_source\OUTPUT\obj\RegulatedPowerSource\ThreadX\src\tx_thread_system_preempt_check.o"
#        "d:\Embedded\Projects\OpenSource\Backup
#        controller_v2.0\Software\Regulated_power_source\OUTPUT\obj\RegulatedPowerSource\ThreadX\src\tx_thread_system_resume.o"
#        "d:\Embedded\Projects\OpenSource\Backup
#        controller_v2.0\Software\Regulated_power_source\OUTPUT\obj\RegulatedPowerSource\ThreadX\port\src\tx_thread_system_return.o"
#        "d:\Embedded\Projects\OpenSource\Backup
#        controller_v2.0\Software\Regulated_power_source\OUTPUT\obj\RegulatedPowerSource\ThreadX\src\tx_thread_system_suspend.o"
#        "d:\Embedded\Projects\OpenSource\Backup
#        controller_v2.0\Software\Regulated_power_source\OUTPUT\obj\RegulatedPowerSource\ThreadX\src\tx_thread_terminate.o"
#        "d:\Embedded\Projects\OpenSource\Backup
#        controller_v2.0\Software\Regulated_power_source\OUTPUT\obj\RegulatedPowerSource\ThreadX\src\tx_thread_time_slice.o"
#        "d:\Embedded\Projects\OpenSource\Backup
#        controller_v2.0\Software\Regulated_power_source\OUTPUT\obj\RegulatedPowerSource\ThreadX\src\tx_thread_time_slice_change.o"
#        "d:\Embedded\Projects\OpenSource\Backup
#        controller_v2.0\Software\Regulated_power_source\OUTPUT\obj\RegulatedPowerSource\ThreadX\src\tx_thread_timeout.o"
#        "d:\Embedded\Projects\OpenSource\Backup
#        controller_v2.0\Software\Regulated_power_source\OUTPUT\obj\RegulatedPowerSource\ThreadX\src\tx_thread_wait_abort.o"
#        "d:\Embedded\Projects\OpenSource\Backup
#        controller_v2.0\Software\Regulated_power_source\OUTPUT\obj\RegulatedPowerSource\ThreadX\src\tx_time_get.o"
#        "d:\Embedded\Projects\OpenSource\Backup
#        controller_v2.0\Software\Regulated_power_source\OUTPUT\obj\RegulatedPowerSource\ThreadX\src\tx_time_set.o"
#        "d:\Embedded\Projects\OpenSource\Backup
#        controller_v2.0\Software\Regulated_power_source\OUTPUT\obj\RegulatedPowerSource\ThreadX\src\tx_timer_activate.o"
#        "d:\Embedded\Projects\OpenSource\Backup
#        controller_v2.0\Software\Regulated_power_source\OUTPUT\obj\RegulatedPowerSource\ThreadX\src\tx_timer_change.o"
#        "d:\Embedded\Projects\OpenSource\Backup
#        controller_v2.0\Software\Regulated_power_source\OUTPUT\obj\RegulatedPowerSource\ThreadX\src\tx_timer_create.o"
#        "d:\Embedded\Projects\OpenSource\Backup
#        controller_v2.0\Software\Regulated_power_source\OUTPUT\obj\RegulatedPowerSource\ThreadX\src\tx_timer_deactivate.o"
#        "d:\Embedded\Projects\OpenSource\Backup
#        controller_v2.0\Software\Regulated_power_source\OUTPUT\obj\RegulatedPowerSource\ThreadX\src\tx_timer_delete.o"
#        "d:\Embedded\Projects\OpenSource\Backup
#        controller_v2.0\Software\Regulated_power_source\OUTPUT\obj\RegulatedPowerSource\ThreadX\src\tx_timer_expiration_process.o"
#        "d:\Embedded\Projects\OpenSource\Backup
#        controller_v2.0\Software\Regulated_power_source\OUTPUT\obj\RegulatedPowerSource\ThreadX\src\tx_timer_info_get.o"
#        "d:\Embedded\Projects\OpenSource\Backup
#        controller_v2.0\Software\Regulated_power_source\OUTPUT\obj\RegulatedPowerSource\ThreadX\src\tx_timer_initialize.o"
#        "d:\Embedded\Projects\OpenSource\Backup
#        controller_v2.0\Software\Regulated_power_source\OUTPUT\obj\RegulatedPowerSource\ThreadX\port\src\tx_timer_interrupt.o"
#        "d:\Embedded\Projects\OpenSource\Backup
#        controller_v2.0\Software\Regulated_power_source\OUTPUT\obj\RegulatedPowerSource\ThreadX\src\tx_timer_performance_info_get.o"
#        "d:\Embedded\Projects\OpenSource\Backup
#        controller_v2.0\Software\Regulated_power_source\OUTPUT\obj\RegulatedPowerSource\ThreadX\src\tx_timer_performance_system_info_get.o"
#        "d:\Embedded\Projects\OpenSource\Backup
#        controller_v2.0\Software\Regulated_power_source\OUTPUT\obj\RegulatedPowerSource\ThreadX\src\tx_timer_system_activate.o"
#        "d:\Embedded\Projects\OpenSource\Backup
#        controller_v2.0\Software\Regulated_power_source\OUTPUT\obj\RegulatedPowerSource\ThreadX\src\tx_timer_system_deactivate.o"
#        "d:\Embedded\Projects\OpenSource\Backup
#        controller_v2.0\Software\Regulated_power_source\OUTPUT\obj\RegulatedPowerSource\ThreadX\src\tx_timer_thread_entry.o"
#        "d:\Embedded\Projects\OpenSource\Backup
#        controller_v2.0\Software\Regulated_power_source\OUTPUT\obj\RegulatedPowerSource\ThreadX\src\tx_trace_buffer_full_notify.o"
#        "d:\Embedded\Projects\OpenSource\Backup
#        controller_v2.0\Software\Regulated_power_source\OUTPUT\obj\RegulatedPowerSource\ThreadX\src\tx_trace_disable.o"
#        "d:\Embedded\Projects\OpenSource\Backup
#        controller_v2.0\Software\Regulated_power_source\OUTPUT\obj\RegulatedPowerSource\ThreadX\src\tx_trace_enable.o"
#        "d:\Embedded\Projects\OpenSource\Backup
#        controller_v2.0\Software\Regulated_power_source\OUTPUT\obj\RegulatedPowerSource\ThreadX\src\tx_trace_event_filter.o"
#        "d:\Embedded\Projects\OpenSource\Backup
#        controller_v2.0\Software\Regulated_power_source\OUTPUT\obj\RegulatedPowerSource\ThreadX\src\tx_trace_event_unfilter.o"
#        "d:\Embedded\Projects\OpenSource\Backup
#        controller_v2.0\Software\Regulated_power_source\OUTPUT\obj\RegulatedPowerSource\ThreadX\src\tx_trace_initialize.o"
#        "d:\Embedded\Projects\OpenSource\Backup
#        controller_v2.0\Software\Regulated_power_source\OUTPUT\obj\RegulatedPowerSource\ThreadX\src\tx_trace_interrupt_control.o"
#        "d:\Embedded\Projects\OpenSource\Backup
#        controller_v2.0\Software\Regulated_power_source\OUTPUT\obj\RegulatedPowerSource\ThreadX\src\tx_trace_isr_enter_insert.o"
#        "d:\Embedded\Projects\OpenSource\Backup
#        controller_v2.0\Software\Regulated_power_source\OUTPUT\obj\RegulatedPowerSource\ThreadX\src\tx_trace_isr_exit_insert.o"
#        "d:\Embedded\Projects\OpenSource\Backup
#        controller_v2.0\Software\Regulated_power_source\OUTPUT\obj\RegulatedPowerSource\ThreadX\src\tx_trace_object_register.o"
#        "d:\Embedded\Projects\OpenSource\Backup
#        controller_v2.0\Software\Regulated_power_source\OUTPUT\obj\RegulatedPowerSource\ThreadX\src\tx_trace_object_unregister.o"
#        "d:\Embedded\Projects\OpenSource\Backup
#        controller_v2.0\Software\Regulated_power_source\OUTPUT\obj\RegulatedPowerSource\ThreadX\src\tx_trace_user_event_insert.o"
#        "d:\Embedded\Projects\OpenSource\Backup
#        controller_v2.0\Software\Regulated_power_source\OUTPUT\obj\RegulatedPowerSource\ThreadX\src\txe_block_allocate.o"
#        "d:\Embedded\Projects\OpenSource\Backup
#        controller_v2.0\Software\Regulated_power_source\OUTPUT\obj\RegulatedPowerSource\ThreadX\src\txe_block_pool_create.o"
#        "d:\Embedded\Projects\OpenSource\Backup
#        controller_v2.0\Software\Regulated_power_source\OUTPUT\obj\RegulatedPowerSource\ThreadX\src\txe_block_pool_delete.o"
#        "d:\Embedded\Projects\OpenSource\Backup
#        controller_v2.0\Software\Regulated_power_source\OUTPUT\obj\RegulatedPowerSource\ThreadX\src\txe_block_pool_info_get.o"
#        "d:\Embedded\Projects\OpenSource\Backup
#        controller_v2.0\Software\Regulated_power_source\OUTPUT\obj\RegulatedPowerSource\ThreadX\src\txe_block_pool_prioritize.o"
#        "d:\Embedded\Projects\OpenSource\Backup
#        controller_v2.0\Software\Regulated_power_source\OUTPUT\obj\RegulatedPowerSource\ThreadX\src\txe_block_release.o"
#        "d:\Embedded\Projects\OpenSource\Backup
#        controller_v2.0\Software\Regulated_power_source\OUTPUT\obj\RegulatedPowerSource\ThreadX\src\txe_byte_allocate.o"
#        "d:\Embedded\Projects\OpenSource\Backup
#        controller_v2.0\Software\Regulated_power_source\OUTPUT\obj\RegulatedPowerSource\ThreadX\src\txe_byte_pool_create.o"
#        "d:\Embedded\Projects\OpenSource\Backup
#        controller_v2.0\Software\Regulated_power_source\OUTPUT\obj\RegulatedPowerSource\ThreadX\src\txe_byte_pool_delete.o"
#        "d:\Embedded\Projects\OpenSource\Backup
#        controller_v2.0\Software\Regulated_power_source\OUTPUT\obj\RegulatedPowerSource\ThreadX\src\txe_byte_pool_info_get.o"
#        "d:\Embedded\Projects\OpenSource\Backup
#        controller_v2.0\Software\Regulated_power_source\OUTPUT\obj\RegulatedPowerSource\ThreadX\src\txe_byte_pool_prioritize.o"
#        "d:\Embedded\Projects\OpenSource\Backup
#        controller_v2.0\Software\Regulated_power_source\OUTPUT\obj\RegulatedPowerSource\ThreadX\src\txe_byte_release.o"
#        "d:\Embedded\Projects\OpenSource\Backup
#        controller_v2.0\Software\Regulated_power_source\OUTPUT\obj\RegulatedPowerSource\ThreadX\src\txe_event_flags_create.o"
#        "d:\Embedded\Projects\OpenSource\Backup
#        controller_v2.0\Software\Regulated_power_source\OUTPUT\obj\RegulatedPowerSource\ThreadX\src\txe_event_flags_delete.o"
#        "d:\Embedded\Projects\OpenSource\Backup
#        controller_v2.0\Software\Regulated_power_source\OUTPUT\obj\RegulatedPowerSource\ThreadX\src\txe_event_flags_get.o"
#        "d:\Embedded\Projects\OpenSource\Backup
#        controller_v2.0\Software\Regulated_power_source\OUTPUT\obj\RegulatedPowerSource\ThreadX\src\txe_event_flags_info_get.o"
#        "d:\Embedded\Projects\OpenSource\Backup
#        controller_v2.0\Software\Regulated_power_source\OUTPUT\obj\RegulatedPowerSource\ThreadX\src\txe_event_flags_set.o"
#        "d:\Embedded\Projects\OpenSource\Backup
#        controller_v2.0\Software\Regulated_power_source\OUTPUT\obj\RegulatedPowerSource\ThreadX\src\txe_event_flags_set_notify.o"
#        "d:\Embedded\Projects\OpenSource\Backup
#        controller_v2.0\Software\Regulated_power_source\OUTPUT\obj\RegulatedPowerSource\ThreadX\src\txe_mutex_create.o"
#        "d:\Embedded\Projects\OpenSource\Backup
#        controller_v2.0\Software\Regulated_power_source\OUTPUT\obj\RegulatedPowerSource\ThreadX\src\txe_mutex_delete.o"
#        "d:\Embedded\Projects\OpenSource\Backup
#        controller_v2.0\Software\Regulated_power_source\OUTPUT\obj\RegulatedPowerSource\ThreadX\src\txe_mutex_get.o"
#        "d:\Embedded\Projects\OpenSource\Backup
#        controller_v2.0\Software\Regulated_power_source\OUTPUT\obj\RegulatedPowerSource\ThreadX\src\txe_mutex_info_get.o"
#        "d:\Embedded\Projects\OpenSource\Backup
#        controller_v2.0\Software\Regulated_power_source\OUTPUT\obj\RegulatedPowerSource\ThreadX\src\txe_mutex_prioritize.o"
#        "d:\Embedded\Projects\OpenSource\Backup
#        controller_v2.0\Software\Regulated_power_source\OUTPUT\obj\RegulatedPowerSource\ThreadX\src\txe_mutex_put.o"
#        "d:\Embedded\Projects\OpenSource\Backup
#        controller_v2.0\Software\Regulated_power_source\OUTPUT\obj\RegulatedPowerSource\ThreadX\src\txe_queue_create.o"
#        "d:\Embedded\Projects\OpenSource\Backup
#        controller_v2.0\Software\Regulated_power_source\OUTPUT\obj\RegulatedPowerSource\ThreadX\src\txe_queue_delete.o"
#        "d:\Embedded\Projects\OpenSource\Backup
#        controller_v2.0\Software\Regulated_power_source\OUTPUT\obj\RegulatedPowerSource\ThreadX\src\txe_queue_flush.o"
#        "d:\Embedded\Projects\OpenSource\Backup
#        controller_v2.0\Software\Regulated_power_source\OUTPUT\obj\RegulatedPowerSource\ThreadX\src\txe_queue_front_send.o"
#        "d:\Embedded\Projects\OpenSource\Backup
#        controller_v2.0\Software\Regulated_power_source\OUTPUT\obj\RegulatedPowerSource\ThreadX\src\txe_queue_info_get.o"
#        "d:\Embedded\Projects\OpenSource\Backup
#        controller_v2.0\Software\Regulated_power_source\OUTPUT\obj\RegulatedPowerSource\ThreadX\src\txe_queue_prioritize.o"
#        "d:\Embedded\Projects\OpenSource\Backup
#        controller_v2.0\Software\Regulated_power_source\OUTPUT\obj\RegulatedPowerSource\ThreadX\src\txe_queue_receive.o"
#        "d:\Embedded\Projects\OpenSource\Backup
#        controller_v2.0\Software\Regulated_power_source\OUTPUT\obj\RegulatedPowerSource\ThreadX\src\txe_queue_send.o"
#        "d:\Embedded\Projects\OpenSource\Backup
#        controller_v2.0\Software\Regulated_power_source\OUTPUT\obj\RegulatedPowerSource\ThreadX\src\txe_queue_send_notify.o"
#        "d:\Embedded\Projects\OpenSource\Backup
#        controller_v2.0\Software\Regulated_power_source\OUTPUT\obj\RegulatedPowerSource\ThreadX\src\txe_semaphore_ceiling_put.o"
#        "d:\Embedded\Projects\OpenSource\Backup
#        controller_v2.0\Software\Regulated_power_source\OUTPUT\obj\RegulatedPowerSource\ThreadX\src\txe_semaphore_create.o"
#        "d:\Embedded\Projects\OpenSource\Backup
#        controller_v2.0\Software\Regulated_power_source\OUTPUT\obj\RegulatedPowerSource\ThreadX\src\txe_semaphore_delete.o"
#        "d:\Embedded\Projects\OpenSource\Backup
#        controller_v2.0\Software\Regulated_power_source\OUTPUT\obj\RegulatedPowerSource\ThreadX\src\txe_semaphore_get.o"
#        "d:\Embedded\Projects\OpenSource\Backup
#        controller_v2.0\Software\Regulated_power_source\OUTPUT\obj\RegulatedPowerSource\ThreadX\src\txe_semaphore_info_get.o"
#        "d:\Embedded\Projects\OpenSource\Backup
#        controller_v2.0\Software\Regulated_power_source\OUTPUT\obj\RegulatedPowerSource\ThreadX\src\txe_semaphore_prioritize.o"
#        "d:\Embedded\Projects\OpenSource\Backup
#        controller_v2.0\Software\Regulated_power_source\OUTPUT\obj\RegulatedPowerSource\ThreadX\src\txe_semaphore_put.o"
#        "d:\Embedded\Projects\OpenSource\Backup
#        controller_v2.0\Software\Regulated_power_source\OUTPUT\obj\RegulatedPowerSource\ThreadX\src\txe_semaphore_put_notify.o"
#        "d:\Embedded\Projects\OpenSource\Backup
#        controller_v2.0\Software\Regulated_power_source\OUTPUT\obj\RegulatedPowerSource\ThreadX\src\txe_thread_create.o"
#        "d:\Embedded\Projects\OpenSource\Backup
#        controller_v2.0\Software\Regulated_power_source\OUTPUT\obj\RegulatedPowerSource\ThreadX\src\txe_thread_delete.o"
#        "d:\Embedded\Projects\OpenSource\Backup
#        controller_v2.0\Software\Regulated_power_source\OUTPUT\obj\RegulatedPowerSource\ThreadX\src\txe_thread_entry_exit_notify.o"
#        "d:\Embedded\Projects\OpenSource\Backup
#        controller_v2.0\Software\Regulated_power_source\OUTPUT\obj\RegulatedPowerSource\ThreadX\src\txe_thread_info_get.o"
#        "d:\Embedded\Projects\OpenSource\Backup
#        controller_v2.0\Software\Regulated_power_source\OUTPUT\obj\RegulatedPowerSource\ThreadX\src\txe_thread_preemption_change.o"
#        "d:\Embedded\Projects\OpenSource\Backup
#        controller_v2.0\Software\Regulated_power_source\OUTPUT\obj\RegulatedPowerSource\ThreadX\src\txe_thread_priority_change.o"
#        "d:\Embedded\Projects\OpenSource\Backup
#        controller_v2.0\Software\Regulated_power_source\OUTPUT\obj\RegulatedPowerSource\ThreadX\src\txe_thread_relinquish.o"
#        "d:\Embedded\Projects\OpenSource\Backup
#        controller_v2.0\Software\Regulated_power_source\OUTPUT\obj\RegulatedPowerSource\ThreadX\src\txe_thread_reset.o"
#        "d:\Embedded\Projects\OpenSource\Backup
#        controller_v2.0\Software\Regulated_power_source\OUTPUT\obj\RegulatedPowerSource\ThreadX\src\txe_thread_resume.o"
#        "d:\Embedded\Projects\OpenSource\Backup
#        controller_v2.0\Software\Regulated_power_source\OUTPUT\obj\RegulatedPowerSource\ThreadX\src\txe_thread_suspend.o"
#        "d:\Embedded\Projects\OpenSource\Backup
#        controller_v2.0\Software\Regulated_power_source\OUTPUT\obj\RegulatedPowerSource\ThreadX\src\txe_thread_terminate.o"
#        "d:\Embedded\Projects\OpenSource\Backup
#        controller_v2.0\Software\Regulated_power_source\OUTPUT\obj\RegulatedPowerSource\ThreadX\src\txe_thread_time_slice_change.o"
#        "d:\Embedded\Projects\OpenSource\Backup
#        controller_v2.0\Software\Regulated_power_source\OUTPUT\obj\RegulatedPowerSource\ThreadX\src\txe_thread_wait_abort.o"
#        "d:\Embedded\Projects\OpenSource\Backup
#        controller_v2.0\Software\Regulated_power_source\OUTPUT\obj\RegulatedPowerSource\ThreadX\src\txe_timer_activate.o"
#        "d:\Embedded\Projects\OpenSource\Backup
#        controller_v2.0\Software\Regulated_power_source\OUTPUT\obj\RegulatedPowerSource\ThreadX\src\txe_timer_change.o"
#        "d:\Embedded\Projects\OpenSource\Backup
#        controller_v2.0\Software\Regulated_power_source\OUTPUT\obj\RegulatedPowerSource\ThreadX\src\txe_timer_create.o"
#        "d:\Embedded\Projects\OpenSource\Backup
#        controller_v2.0\Software\Regulated_power_source\OUTPUT\obj\RegulatedPowerSource\ThreadX\src\txe_timer_deactivate.o"
#        "d:\Embedded\Projects\OpenSource\Backup
#        controller_v2.0\Software\Regulated_power_source\OUTPUT\obj\RegulatedPowerSource\ThreadX\src\txe_timer_delete.o"
#        "d:\Embedded\Projects\OpenSource\Backup
#        controller_v2.0\Software\Regulated_power_source\OUTPUT\obj\RegulatedPowerSource\ThreadX\src\txe_timer_info_get.o"
#        --redirect _Printf=_PrintfFullNoMb --redirect _Scanf=_ScanfFullNoMb
#        --no_out_extension -o "d:\Embedded\Projects\OpenSource\Backup
#        controller_v2.0\Software\Regulated_power_source\OUTPUT\RPWRS.out"
#        --map "d:\Embedded\Projects\OpenSource\Backup
#        controller_v2.0\Software\Regulated_power_source\OUTPUT\list\RPWRS.map"
#        --config "d:\Embedded\Projects\OpenSource\Backup
#        controller_v2.0\Software\Regulated_power_source/MKE18F512xxx16_flash.icf"
#        --semihosting --entry __iar_program_start --vfe --threaded_lib
#        --text_out locale)
#
###############################################################################

*******************************************************************************
*** RUNTIME MODEL ATTRIBUTES
***

CppFlavor       = *
__Heap_Handler  = DLMalloc
__SystemLibrary = DLib
__dlib_version  = 6


*******************************************************************************
*** HEAP SELECTION
***

The advanced heap was selected because the application calls memory
allocation functions outside of system library functions, and there
are calls to deallocation functions in the application.


*******************************************************************************
*** PLACEMENT SUMMARY
***

"A0":  place at address 0x0 { ro section .intvec };
"P1":  place in [from 0x400 to 0x40f] { section FlashConfig };
"P2":  place in [from 0x0 to 0x3ff] |
                [from 0x410 to 0x7'ffff] { ro };
define block RW { rw };
"P3":  place in [from 0x1fff'8000 to 0x1fff'ffff] |
                [from 0x2000'0000 to 0x2000'7ef7] { block RW };
define block ZI { zi };
"P4":  place in [from 0x1fff'8000 to 0x1fff'ffff] |
                [from 0x2000'0000 to 0x2000'7ef7] { block ZI };
define block NCACHE_VAR { section NonCacheable, section NonCacheable.init };
"P7":  place in [from 0x1fff'8000 to 0x1fff'ffff] |
                [from 0x2000'0000 to 0x2000'7ef7] { block NCACHE_VAR };
define block HEAP with size = 256, alignment = 8 { };
"P5":  place in [from 0x1fff'8000 to 0x1fff'ffff] |
                [from 0x2000'0000 to 0x2000'7ef7] { last block HEAP };
define block CSTACK with size = 256, alignment = 8 { };
"P6":  place in [from 0x2000'7ef8 to 0x2000'7fff] { block CSTACK };
"P8":  place in [from 0x1fff'8000 to 0x1fff'ffff] |
                [from 0x2000'0000 to 0x2000'7ef7] { last section FREE_MEM };
"P9":  place in [from 0x2000'7ef8 to 0x2000'7fff] { first section STACK_START };
initialize by copy { rw, section .textrw };

No sections matched the following patterns:

  section NonCacheable       in block NCACHE_VAR
  section NonCacheable.init  in block NCACHE_VAR


  Section            Kind         Address      Size  Object
  -------            ----         -------      ----  ------
"A0":                                         0x400
  .intvec            ro code          0x0     0x400  startup_MKE18F16.o [1]
                                  - 0x400     0x400

"P1":                                          0x10
  FlashConfig        ro code        0x400      0x10  startup_MKE18F16.o [1]
                                  - 0x410      0x10

"P2":                                      0x1'5cc2
  .text              ro code        0x410    0x1100  Params_editor.o [6]
  .text              ro code       0x1510      0x14  tx_thread_identify.o [11]
  .text              ro code       0x1524     0x7e0  MonitorVT100.o [6]
  .text              ro code       0x1d04      0x40  sprintf.o [12]
  .text              ro code       0x1d44      0x36  strlen.o [14]
  .text              ro code       0x1d7a      0x1e  xsscin.o [12]
  .text              ro code       0x1d98      0xa6  ABImemcpy.o [14]
  .text              ro code       0x1e3e      0x1a  xsnprout.o [12]
  .text              ro code       0x1e58      0x48  FltToDbl.o [13]
  .text              ro code       0x1ea0      0x44  snprintf.o [12]
  .text              ro code       0x1ee4      0x5c  BKMAN1_2_Params_dyn_tables.o [4]
  .text              ro code       0x1f40      0x28  sscanf.o [12]
  .text              ro code       0x1f68      0x18  strcpy.o [14]
  .text              ro code       0x1f80      0x14  isspace.o [12]
  .text              ro code       0x1f94      0x46  isgraph.o [12]
  .text              ro code       0x1fda       0xa  xsprout.o [12]
  .text              ro code       0x1fe4      0x12  strcmp.o [14]
  .text              ro code       0x1ff6      0x94  iar_Stolx.o [12]
  .rodata            const         0x208a       0x2  BKMAN1_2_FreeMaster_vars.o [4]
  .text              ro code       0x208c       0xe  math_wrappers64.o [13]
  .rodata            const         0x209a       0x2  BKMAN1_2_monitor.o [6]
  .text              ro code       0x209c      0x68  DblToFlt.o [13]
  .text              ro code       0x2104      0x70  strncpy.o [14]
  .text              ro code       0x2174      0xd8  Mem_man.o [1]
  .text              ro code       0x224c     0x160  txe_thread_create.o [11]
  .text              ro code       0x23ac      0x6e  Time_utils.o [1]
  .rodata            const         0x241a       0x2  BKMAN1_2_Params.o [4]
  .text              ro code       0x241c      0x14  tx_time_get.o [11]
  .text              ro code       0x2430      0x16  isalpha.o [12]
  .text              ro code       0x2446       0xc  toupper.o [12]
  .rodata            const         0x2452       0x2  FreeMaster_vars_map.o [1]
  .text              ro code       0x2454     0x28c  logger.o [1]
  .text              ro code       0x26e0      0x68  App_utils.o [1]
  .text              ro code       0x2748     0xf16  xprintffull_nomb.o [12]
  .rodata            const         0x365e       0x2  FreeMaster_vars_map.o [1]
  .text              ro code       0x3660     0xd5c  xscanffull_nomb.o [12]
  .text              ro code       0x43bc     0x144  iar_Stoulx.o [12]
  .text              ro code       0x4500     0x35a  strto64.o [13]
  .rodata            const         0x485a       0x2  FreeMaster_vars_map.o [1]
  .text              ro code       0x485c      0x66  ABImemset.o [14]
  .rodata            const         0x48c2       0x2  FreeMaster_vars_map.o [1]
  .text              ro code       0x48c4      0xe0  txe_byte_pool_create.o [11]
  .text              ro code       0x49a4      0x98  txe_byte_allocate.o [11]
  .text              ro code       0x4a3c      0x54  txe_byte_release.o [11]
  .text              ro code       0x4a90      0x2c  txe_byte_pool_info_get.o [11]
  .text              ro code       0x4abc      0xbc  tx_thread_system_preempt_check.o [11]
  .text              ro code       0x4b78     0x18c  tx_thread_create.o [11]
  .text              ro code       0x4d04      0x94  tx_thread_sleep.o [11]
  .text              ro code       0x4d98     0x158  BKMAN1_2_PIT.o [5]
  .text              ro code       0x4ef0     0x230  I64DivMod.o [14]
  .text              ro code       0x5120      0xd4  txe_mutex_create.o [11]
  .text              ro code       0x51f4      0x7c  txe_mutex_get.o [11]
  .text              ro code       0x5270      0x50  txe_mutex_put.o [11]
  .text              ro code       0x52c0      0x3c  vsnprint.o [12]
  .text              ro code       0x5300      0x16  Sdelay.o [1]
  .rodata            const         0x5316       0x2  FreeMaster_vars_map.o [1]
  .text              ro code       0x5318      0x16  strchr.o [14]
  .rodata            const         0x532e       0x2  FreeMaster_vars_map.o [1]
  .text              ro code       0x5330      0x40  xfail_s.o [12]
  .text              ro code       0x5370      0x58  memchr.o [14]
  .text              ro code       0x53c8      0x70  frexp.o [13]
  .text              ro code       0x5438      0x34  DblCmpLe.o [13]
  .text              ro code       0x546c      0x34  DblCmpGe.o [13]
  .text              ro code       0x54a0     0x13a  ldexp.o [13]
  .rodata            const         0x55da       0x2  fsl_lpi2c.o [7]
  .text              ro code       0x55dc      0x36  DblToS32.o [13]
  .text              ro code       0x5612       0x2  startup_MKE18F16.o [1]
  .text              ro code       0x5614      0x22  S32ToDbl.o [13]
  .text              ro code       0x5636       0x2  startup_MKE18F16.o [1]
  .text              ro code       0x5638     0x25e  DblAddSub.o [13]
  .text              ro code       0x5896       0x2  startup_MKE18F16.o [1]
  .text              ro code       0x5898     0x246  DblDiv.o [13]
  .text              ro code       0x5ade       0x2  startup_MKE18F16.o [1]
  .text              ro code       0x5ae0      0x22  DblToU32.o [13]
  .text              ro code       0x5b02       0x2  startup_MKE18F16.o [1]
  .text              ro code       0x5b04      0x1c  U32ToDbl.o [13]
  .text              ro code       0x5b20     0x1aa  DblMul.o [13]
  .text              ro code       0x5cca       0x2  startup_MKE18F16.o [1]
  .text              ro code       0x5ccc     0x1a6  iar_Stoullx.o [12]
  .text              ro code       0x5e72       0x2  startup_MKE18F16.o [1]
  .text              ro code       0x5e74      0xaa  iar_Stollx.o [12]
  .text              ro code       0x5f1e     0x120  iar_Stopfx.o [12]
  .rodata            const         0x603e       0x1  BKMAN1_2_monitor.o [6]
  .rodata            const         0x603f       0x1  BKMAN1_2_Params.o [4]
  .text              ro code       0x6040     0x1a8  iar_Stoflt.o [12]
  .text              ro code       0x61e8     0x20c  iar_Stoxflt.o [12]
  .text              ro code       0x63f4      0xa0  tx_byte_pool_create.o [11]
  .text              ro code       0x6494      0xf8  tx_byte_allocate.o [11]
  .text              ro code       0x658c     0x138  tx_byte_release.o [11]
  .text              ro code       0x66c4      0x48  tx_byte_pool_info_get.o [11]
  .text              ro code       0x670c      0x20  tx_thread_stack_error_handler.o [11]
  .text              ro code       0x672c      0x84  tx_thread_stack_analyze.o [11]
  .text              ro code       0x67b0      0x44  tx_thread_stack_build.o [10]
  .text              ro code       0x67f4     0x130  tx_iar.o [10]
  .text              ro code       0x6924     0x2a4  tx_thread_system_resume.o [11]
  .text              ro code       0x6bc8     0x244  tx_thread_system_suspend.o [11]
  .text              ro code       0x6e0c       0x2  I64DivZer.o [14]
  .rodata            const         0x6e0e       0x1  MonitorVT100.o [6]
  .text              ro code       0x6e10      0x70  tx_mutex_create.o [11]
  .text              ro code       0x6e80     0x11c  tx_mutex_get.o [11]
  .text              ro code       0x6f9c     0x234  tx_mutex_put.o [11]
  .text              ro code       0x71d0       0x6  abort.o [12]
  .text              ro code       0x71d8     0x120  tx_byte_pool_search.o [11]
  .text              ro code       0x72f8      0x3c  tlsinit.o [16]
  .text              ro code       0x7334     0xfae  dlmalloc.o [12]
  .text              ro code       0x82e4      0xc4  tx_mutex_delete.o [11]
  .text              ro code       0x83a8      0x2e  tx_timer_system_deactivate.o [11]
  .text              ro code       0x83d8      0x68  tx_timer_system_activate.o [11]
  .text              ro code       0x8440      0xdc  tx_mutex_priority_change.o [11]
  .text              ro code       0x851c      0xb0  tx_mutex_prioritize.o [11]
  .text              ro code       0x85cc      0x14  exit.o [15]
  .text              ro code       0x85e0       0x6  ABImemclr.o [14]
  .text              ro code       0x85e8      0x50  xsyslock_mtx.o [16]
  .text              ro code       0x8638      0x2c  xgetmemchunk.o [12]
  .text              ro code       0x8664     0xab0  BKMAN1_2_PINS.o [5]
  .text              ro code       0x9114     0xa56  freemaster_rec.o [2]
  .text              ro code       0x9b6c     0x5dc  freemaster_utils.o [2]
  .text              ro code       0xa148      0x24  ABIassert.o [15]
  .text              ro code       0xa16c      0x4c  freemaster_utils.o [2]
  .text              ro code       0xa1b8      0x10  freemaster_utils.o [2]
  .text              ro code       0xa1c8     0x294  freemaster_tsa.o [2]
  .text              ro code       0xa45c      0x10  freemaster_utils.o [2]
  .text              ro code       0xa46c      0x14  freemaster_utils.o [2]
  .text              ro code       0xa480       0xc  freemaster_utils.o [2]
  .text              ro code       0xa48c       0xc  freemaster_utils.o [2]
  .text              ro code       0xa498      0x42  freemaster_utils.o [2]
  .text              ro code       0xa4dc     0x300  FreeMaster_task.o [1]
  .text              ro code       0xa7dc      0x10  BKMAN1_2_FreeMaster_vars.o [4]
  .text              ro code       0xa7ec      0x14  FreeMaster_vars_map.o [1]
  .text              ro code       0xa800     0x1d4  freemaster_serial_lpuart.o [3]
  .text              ro code       0xa9d4      0x34  txe_event_flags_set.o [11]
  .text              ro code       0xaa08     0x23c  freemaster_appcmd.o [2]
  .text              ro code       0xac44     0x34c  DCDC_DAC80501.o [1]
  .text              ro code       0xaf90     0x5ec  freemaster_pipes.o [2]
  .text              ro code       0xb57c      0xbc  txe_event_flags_create.o [11]
  .text              ro code       0xb638     0x364  BKMAN1_2_UART.o [5]
  .text              ro code       0xb99c     0x3d0  freemaster_protocol.o [2]
  .text              ro code       0xbd6c      0x70  txe_event_flags_get.o [11]
  .text              ro code       0xbddc     0x4d4  freemaster_serial.o [2]
  .text              ro code       0xc2b0     0x228  tx_event_flags_set.o [11]
  .text              ro code       0xc4d8      0x14  freemaster_utils.o [2]
  .text              ro code       0xc4ec      0x62  round.o [13]
  .text              ro code       0xc550     0x1a4  BKMAN1_2_I2C.o [5]
  .text              ro code       0xc6f4      0x5c  tx_event_flags_create.o [11]
  .text              ro code       0xc750     0x1e0  freemaster_scope.o [2]
  .text              ro code       0xc930     0x35c  freemaster_ures.o [2]
  .text              ro code       0xcc8c      0x10  freemaster_utils.o [2]
  .text              ro code       0xcc9c       0xe  freemaster_utils.o [2]
  .text              ro code       0xccac      0xec  tx_event_flags_get.o [11]
  .text              ro code       0xcd98      0x42  freemaster_utils.o [2]
  .text              ro code       0xcddc     0x964  fsl_lpi2c.o [7]
  .text              ro code       0xd740     0x590  fsl_clock.o [7]
  .text              ro code       0xdcd0      0x54  txe_event_flags_delete.o [11]
  .text              ro code       0xdd24      0x58  freemaster_utils.o [2]
  .text              ro code       0xdd7c      0xac  tx_event_flags_delete.o [11]
  .text              ro code       0xde28     0x884  BKMAN1_2_CAN.o [5]
  .text              ro code       0xe6ac      0xf8  txe_queue_create.o [11]
  .text              ro code       0xe7a4      0x60  txe_queue_send.o [11]
  .text              ro code       0xe804      0x60  txe_queue_receive.o [11]
  .text              ro code       0xe864     0x69a  main.o [1]
  .text              ro code       0xef00     0x2f0  Outputs.o [1]
  .text              ro code       0xf1f0      0x88  tx_queue_create.o [11]
  .text              ro code       0xf278     0x138  tx_queue_send.o [11]
  .text              ro code       0xf3b0     0x1f4  tx_queue_receive.o [11]
  .text              ro code       0xf5a4     0x23c  BKMAN1_2_clock_config.o [5]
  .text              ro code       0xf7e0     0x1c4  BKMAN1_2_DMA.o [5]
  .text              ro code       0xf9a4      0x54  tx_initialize_kernel_enter.o [11]
  .text              ro code       0xf9f8      0xac  IDLE_task.o [1]
  .text              ro code       0xfaa4     0x66e  BKMAN1_2_ADC.o [5]
  .text              ro code     0x1'0114     0x1b0  BKMAN1_2_SPI.o [5]
  Veneer             ro code     0x1'02c4       0x8  - Linker created -
  .text              ro code     0x1'02cc     0x368  BKMAN1_2_Flash.o [5]
  .text              ro code     0x1'0634     0x328  NV_store.o [4]
  .text              ro code     0x1'095c     0x438  ACS37800.o [1]
  .text              ro code     0x1'0d94     0x218  Inputs.o [1]
  .text              ro code     0x1'0fac     0x1e0  OLED_control.o [1]
  .text              ro code     0x1'118c      0xf8  Analog_inputs.o [1]
  .text              ro code     0x1'1284      0x74  tx_initialize_low_level.o [8]
  .text              ro code     0x1'12f8       0xc  tx_initialize_high_level.o [11]
  .text              ro code     0x1'1304      0xc0  tx_thread_schedule.o [10]
  .text              ro code     0x1'13c4      0xc4  Filters.o [1]
  .text              ro code     0x1'1488      0x40  CRC_utils.o [1]
  .text              ro code     0x1'14c8      0xb8  tx_timer_interrupt.o [10]
  .text              ro code     0x1'1580      0x1c  tx_thread_initialize.o [11]
  .text              ro code     0x1'159c      0x9c  tx_timer_initialize.o [11]
  .text              ro code     0x1'1638      0x28  tx_timer_expiration_process.o [11]
  .text              ro code     0x1'1660     0x160  tx_thread_time_slice.o [11]
  .rodata            const       0x1'17c0     0x67c  BKMAN1_2_PINS.o [5]
  .rodata            const       0x1'1e3c     0x4b4  BKMAN1_2_monitor.o [6]
  .rodata            const       0x1'22f0     0x490  FreeMaster_vars_map.o [1]
  .text              ro code     0x1'2780     0x2e0  BKMAN1_2_monitor.o [6]
  .text              ro code     0x1'2a60     0x2d6  Monitor_serial_drv.o [6]
  .rodata            const       0x1'2d38     0x200  CRC_utils.o [1]
  .text              ro code     0x1'2f38     0x1d8  fsl_edma.o [7]
  .text              ro code     0x1'3110     0x13c  tx_timer_thread_entry.o [11]
  .text              ro code     0x1'324c      0xd0  tx_mutex_cleanup.o [11]
  .rodata            const       0x1'331c      0xc0  BKMAN1_2_Params.o [4]
  .text              ro code     0x1'33dc      0xa2  packbits_init.o [14]
  .rodata            const       0x1'3480      0x98  Params_editor.o [6]
  .text              ro code     0x1'3518      0x98  tx_queue_cleanup.o [11]
  .rodata            const       0x1'35b0      0x94  Params_editor.o [6]
  .text              ro code     0x1'3644      0x94  system_MKE18F16.o [7]
  .text              ro code     0x1'36d8      0x90  tx_event_flags_cleanup.o [11]
  .rodata            const       0x1'3768      0x88  MonitorVT100.o [6]
  .text              ro code     0x1'37f0      0x88  tx_byte_pool_cleanup.o [11]
  .rodata            const       0x1'3878      0x7c  freemaster_appcmd.o [2]
  .rodata            const       0x1'38f4      0x7c  freemaster_pipes.o [2]
  .rodata            const       0x1'3970      0x7c  freemaster_protocol.o [2]
  .rodata            const       0x1'39ec      0x7c  freemaster_utils.o [2]
  .rodata            const       0x1'3a68      0x78  freemaster_rec.o [2]
  .rodata            const       0x1'3ae0      0x78  freemaster_tsa.o [2]
  .rodata            const       0x1'3b58      0x78  freemaster_ures.o [2]
  .rodata            const       0x1'3bd0      0x70  BKMAN1_2_Params_dyn_tables.o [4]
  .rodata            const       0x1'3c40      0x68  BKMAN1_2_clock_config.o [5]
  .rodata            const       0x1'3ca8      0x68  BKMAN1_2_I2C.o [5]
  .rodata            const       0x1'3d10      0x68  fsl_clock.o [7]
  .rodata            const       0x1'3d78      0x68  fsl_edma.o [7]
  .rodata            const       0x1'3de0      0x68  fsl_lpi2c.o [7]
  .rodata            const       0x1'3e48      0x68  fsl_lpi2c.o [7]
  .rodata            const       0x1'3eb0      0x60  BKMAN1_2_CAN.o [5]
  .rodata            const       0x1'3f10      0x60  BKMAN1_2_monitor.o [6]
  .rodata            const       0x1'3f70      0x5c  MonitorVT100.o [6]
  .text              ro code     0x1'3fcc      0x5c  tx_thread_shell_entry.o [11]
  .rodata            const       0x1'4028      0x58  Outputs.o [1]
  .rodata            const       0x1'4080      0x54  freemaster_rec.o [2]
  .rodata            const       0x1'40d4      0x54  MonitorVT100.o [6]
  .rodata            const       0x1'4128      0x50  BKMAN1_2_Flash.o [5]
  .rodata            const       0x1'4178      0x50  iar_Stoulx.o [12]
  .rodata            const       0x1'41c8      0x50  iar_Stoullx.o [12]
  .rodata            const       0x1'4218      0x4c  MonitorVT100.o [6]
  .rodata            const       0x1'4264      0x4c  Params_editor.o [6]
  .rodata            const       0x1'42b0      0x48  strto64.o [13]
  .rodata            const       0x1'42f8      0x40  freemaster_utils.o [2]
  .rodata            const       0x1'4338      0x3c  fsl_lpi2c.o [7]
  .rodata            const       0x1'4374      0x3c  fsl_lpi2c.o [7]
  .rodata            const       0x1'43b0      0x3c  fsl_lpi2c.o [7]
  .rodata            const       0x1'43ec      0x3c  logger.o [1]
  .rodata            const       0x1'4428      0x3c  main.o [1]
  .text              ro code     0x1'4464      0x3c  tx_thread_timeout.o [11]
  .rodata            const       0x1'44a0      0x38  BKMAN1_2_Params.o [4]
  .rodata            const       0x1'44d8      0x38  Mem_man.o [1]
  .text              ro code     0x1'4510      0x38  zero_init3.o [14]
  .rodata            const       0x1'4548      0x34  NV_store.o [4]
  .rodata            const       0x1'457c      0x30  BKMAN1_2_ADC.o [5]
  .rodata            const       0x1'45ac      0x30  BKMAN1_2_monitor.o [6]
  .rodata            const       0x1'45dc      0x30  DCDC_DAC80501.o [1]
  .rodata            const       0x1'460c      0x30  freemaster_serial_lpuart.o [3]
  .rodata            const       0x1'463c      0x30  logger.o [1]
  .rodata            const       0x1'466c      0x28  ACS37800.o [1]
  .rodata            const       0x1'4694      0x28  DCDC_DAC80501.o [1]
  .rodata            const       0x1'46bc      0x28  freemaster_rec.o [2]
  .rodata            const       0x1'46e4      0x28  freemaster_rec.o [2]
  .rodata            const       0x1'470c      0x28  FreeMaster_vars_map.o [1]
  .rodata            const       0x1'4734      0x28  FreeMaster_vars_map.o [1]
  .rodata            const       0x1'475c      0x28  Outputs.o [1]
  .rodata            const       0x1'4784      0x28  xscanffull_nomb.o [12]
  .text              ro code     0x1'47ac      0x28  startup_MKE18F16.o [1]
  .text              ro code     0x1'47d4      0x28  data_init.o [14]
  .rodata            const       0x1'47fc      0x24  BKMAN1_2_Flash.o [5]
  .rodata            const       0x1'4820      0x24  BKMAN1_2_monitor.o [6]
  .rodata            const       0x1'4844      0x24  BKMAN1_2_monitor.o [6]
  .rodata            const       0x1'4868      0x24  DCDC_DAC80501.o [1]
  .rodata            const       0x1'488c      0x24  FreeMaster_vars_map.o [1]
  .rodata            const       0x1'48b0      0x24  FreeMaster_vars_map.o [1]
  .rodata            const       0x1'48d4      0x24  FreeMaster_vars_map.o [1]
  .rodata            const       0x1'48f8      0x24  FreeMaster_vars_map.o [1]
  .rodata            const       0x1'491c      0x24  MonitorVT100.o [6]
  .rodata            const       0x1'4940      0x24  MonitorVT100.o [6]
  .rodata            const       0x1'4964      0x24  NV_store.o [4]
  .rodata            const       0x1'4988      0x24  xscanffull_nomb.o [12]
  .text              ro code     0x1'49ac      0x22  fpinit_M.o [13]
  .iar.init_table    const       0x1'49d0      0x3c  - Linker created -
  .rodata            const       0x1'4a0c      0x20  ACS37800.o [1]
  .rodata            const       0x1'4a2c      0x20  ACS37800.o [1]
  .rodata            const       0x1'4a4c      0x20  ACS37800.o [1]
  .rodata            const       0x1'4a6c      0x20  BKMAN1_2_clock_config.o [5]
  .rodata            const       0x1'4a8c      0x20  BKMAN1_2_Flash.o [5]
  .rodata            const       0x1'4aac      0x20  BKMAN1_2_I2C.o [5]
  .rodata            const       0x1'4acc      0x20  BKMAN1_2_Params.o [4]
  .rodata            const       0x1'4aec      0x20  FreeMaster_vars_map.o [1]
  .rodata            const       0x1'4b0c      0x20  FreeMaster_vars_map.o [1]
  .rodata            const       0x1'4b2c      0x20  FreeMaster_vars_map.o [1]
  .rodata            const       0x1'4b4c      0x20  FreeMaster_vars_map.o [1]
  .rodata            const       0x1'4b6c      0x20  FreeMaster_vars_map.o [1]
  .rodata            const       0x1'4b8c      0x20  FreeMaster_vars_map.o [1]
  .rodata            const       0x1'4bac      0x20  FreeMaster_vars_map.o [1]
  .rodata            const       0x1'4bcc      0x20  FreeMaster_vars_map.o [1]
  .rodata            const       0x1'4bec      0x20  main.o [1]
  .rodata            const       0x1'4c0c      0x20  NV_store.o [4]
  .text              ro code     0x1'4c2c      0x1e  cmain.o [14]
  .text              ro code     0x1'4c4a       0x4  low_level_init.o [12]
  .text              ro code     0x1'4c4e       0x4  exit.o [12]
  .text              ro code     0x1'4c54       0xe  cexit.o [14]
  .rodata            const       0x1'4c64      0x1c  ACS37800.o [1]
  .rodata            const       0x1'4c80      0x1c  ACS37800.o [1]
  .rodata            const       0x1'4c9c      0x1c  ACS37800.o [1]
  .rodata            const       0x1'4cb8      0x1c  ACS37800.o [1]
  .rodata            const       0x1'4cd4      0x1c  BKMAN1_2_Flash.o [5]
  .rodata            const       0x1'4cf0      0x1c  BKMAN1_2_Flash.o [5]
  .rodata            const       0x1'4d0c      0x1c  BKMAN1_2_monitor.o [6]
  .rodata            const       0x1'4d28      0x1c  BKMAN1_2_monitor.o [6]
  .rodata            const       0x1'4d44      0x1c  BKMAN1_2_monitor.o [6]
  .rodata            const       0x1'4d60      0x1c  BKMAN1_2_monitor.o [6]
  .rodata            const       0x1'4d7c      0x1c  BKMAN1_2_monitor.o [6]
  .rodata            const       0x1'4d98      0x1c  BKMAN1_2_monitor.o [6]
  .rodata            const       0x1'4db4      0x1c  BKMAN1_2_monitor.o [6]
  .rodata            const       0x1'4dd0      0x1c  BKMAN1_2_monitor.o [6]
  .rodata            const       0x1'4dec      0x1c  BKMAN1_2_monitor.o [6]
  .rodata            const       0x1'4e08      0x1c  BKMAN1_2_monitor.o [6]
  .rodata            const       0x1'4e24      0x1c  BKMAN1_2_monitor.o [6]
  .rodata            const       0x1'4e40      0x1c  BKMAN1_2_monitor.o [6]
  .rodata            const       0x1'4e5c      0x1c  BKMAN1_2_monitor.o [6]
  .rodata            const       0x1'4e78      0x1c  BKMAN1_2_monitor.o [6]
  .rodata            const       0x1'4e94      0x1c  BKMAN1_2_monitor.o [6]
  .rodata            const       0x1'4eb0      0x1c  BKMAN1_2_monitor.o [6]
  .rodata            const       0x1'4ecc      0x1c  BKMAN1_2_monitor.o [6]
  .rodata            const       0x1'4ee8      0x1c  BKMAN1_2_monitor.o [6]
  .rodata            const       0x1'4f04      0x1c  BKMAN1_2_monitor.o [6]
  .rodata            const       0x1'4f20      0x1c  BKMAN1_2_monitor.o [6]
  .rodata            const       0x1'4f3c      0x1c  BKMAN1_2_monitor.o [6]
  .rodata            const       0x1'4f58      0x1c  BKMAN1_2_monitor.o [6]
  .rodata            const       0x1'4f74      0x1c  BKMAN1_2_monitor.o [6]
  .rodata            const       0x1'4f90      0x1c  BKMAN1_2_monitor.o [6]
  .rodata            const       0x1'4fac      0x1c  BKMAN1_2_monitor.o [6]
  .rodata            const       0x1'4fc8      0x1c  BKMAN1_2_monitor.o [6]
  .rodata            const       0x1'4fe4      0x1c  freemaster_protocol.o [2]
  .rodata            const       0x1'5000      0x1c  FreeMaster_vars_map.o [1]
  .rodata            const       0x1'501c      0x1c  FreeMaster_vars_map.o [1]
  .rodata            const       0x1'5038      0x1c  FreeMaster_vars_map.o [1]
  .rodata            const       0x1'5054      0x1c  FreeMaster_vars_map.o [1]
  .rodata            const       0x1'5070      0x1c  FreeMaster_vars_map.o [1]
  .rodata            const       0x1'508c      0x1c  FreeMaster_vars_map.o [1]
  .rodata            const       0x1'50a8      0x1c  FreeMaster_vars_map.o [1]
  .rodata            const       0x1'50c4      0x1c  FreeMaster_vars_map.o [1]
  .rodata            const       0x1'50e0      0x1c  logger.o [1]
  .rodata            const       0x1'50fc      0x1c  MonitorVT100.o [6]
  .rodata            const       0x1'5118      0x1c  Params_editor.o [6]
  .text              ro code     0x1'5134      0x1c  cstartup_M.o [14]
  .rodata            const       0x1'5150      0x18  BKMAN1_2_monitor.o [6]
  .rodata            const       0x1'5168      0x18  BKMAN1_2_monitor.o [6]
  .rodata            const       0x1'5180      0x18  BKMAN1_2_monitor.o [6]
  .rodata            const       0x1'5198      0x18  BKMAN1_2_monitor.o [6]
  .rodata            const       0x1'51b0      0x18  BKMAN1_2_monitor.o [6]
  .rodata            const       0x1'51c8      0x18  BKMAN1_2_monitor.o [6]
  .rodata            const       0x1'51e0      0x18  BKMAN1_2_monitor.o [6]
  .rodata            const       0x1'51f8      0x18  BKMAN1_2_monitor.o [6]
  .rodata            const       0x1'5210      0x18  BKMAN1_2_monitor.o [6]
  .rodata            const       0x1'5228      0x18  BKMAN1_2_monitor.o [6]
  .rodata            const       0x1'5240      0x18  BKMAN1_2_monitor.o [6]
  .rodata            const       0x1'5258      0x18  BKMAN1_2_monitor.o [6]
  .rodata            const       0x1'5270      0x18  BKMAN1_2_monitor.o [6]
  .rodata            const       0x1'5288      0x18  BKMAN1_2_monitor.o [6]
  .rodata            const       0x1'52a0      0x18  BKMAN1_2_monitor.o [6]
  .rodata            const       0x1'52b8      0x18  BKMAN1_2_monitor.o [6]
  .rodata            const       0x1'52d0      0x18  BKMAN1_2_monitor.o [6]
  .rodata            const       0x1'52e8      0x18  BKMAN1_2_Params.o [4]
  .rodata            const       0x1'5300      0x18  DCDC_DAC80501.o [1]
  .rodata            const       0x1'5318      0x18  freemaster_protocol.o [2]
  .rodata            const       0x1'5330      0x18  FreeMaster_task.o [1]
  .rodata            const       0x1'5348      0x18  FreeMaster_vars_map.o [1]
  .rodata            const       0x1'5360      0x18  FreeMaster_vars_map.o [1]
  .rodata            const       0x1'5378      0x18  FreeMaster_vars_map.o [1]
  .rodata            const       0x1'5390      0x18  FreeMaster_vars_map.o [1]
  .rodata            const       0x1'53a8      0x18  FreeMaster_vars_map.o [1]
  .rodata            const       0x1'53c0      0x18  FreeMaster_vars_map.o [1]
  .rodata            const       0x1'53d8      0x18  FreeMaster_vars_map.o [1]
  .rodata            const       0x1'53f0      0x18  FreeMaster_vars_map.o [1]
  .rodata            const       0x1'5408      0x18  FreeMaster_vars_map.o [1]
  .rodata            const       0x1'5420      0x18  FreeMaster_vars_map.o [1]
  .rodata            const       0x1'5438      0x18  Mem_man.o [1]
  .rodata            const       0x1'5450      0x18  MonitorVT100.o [6]
  .rodata            const       0x1'5468      0x18  NV_store.o [4]
  .rodata            const       0x1'5480      0x18  tx_iar.o [10]
  .rodata            const       0x1'5498      0x14  BKMAN1_2_clock_config.o [5]
  .rodata            const       0x1'54ac      0x14  BKMAN1_2_Flash.o [5]
  .rodata            const       0x1'54c0      0x14  BKMAN1_2_I2C.o [5]
  .rodata            const       0x1'54d4      0x14  BKMAN1_2_monitor.o [6]
  .rodata            const       0x1'54e8      0x14  BKMAN1_2_Params.o [4]
  .rodata            const       0x1'54fc      0x14  BKMAN1_2_Params.o [4]
  .rodata            const       0x1'5510      0x14  BKMAN1_2_Params.o [4]
  .rodata            const       0x1'5524      0x14  freemaster_protocol.o [2]
  .rodata            const       0x1'5538      0x14  freemaster_protocol.o [2]
  .rodata            const       0x1'554c      0x14  freemaster_protocol.o [2]
  .rodata            const       0x1'5560      0x14  freemaster_protocol.o [2]
  .rodata            const       0x1'5574      0x14  freemaster_rec.o [2]
  .rodata            const       0x1'5588      0x14  FreeMaster_task.o [1]
  .rodata            const       0x1'559c      0x14  FreeMaster_vars_map.o [1]
  .rodata            const       0x1'55b0      0x14  FreeMaster_vars_map.o [1]
  .rodata            const       0x1'55c4      0x14  FreeMaster_vars_map.o [1]
  .rodata            const       0x1'55d8      0x14  FreeMaster_vars_map.o [1]
  .rodata            const       0x1'55ec      0x14  FreeMaster_vars_map.o [1]
  .rodata            const       0x1'5600      0x14  FreeMaster_vars_map.o [1]
  .rodata            const       0x1'5614      0x14  FreeMaster_vars_map.o [1]
  .rodata            const       0x1'5628      0x14  FreeMaster_vars_map.o [1]
  .rodata            const       0x1'563c      0x14  FreeMaster_vars_map.o [1]
  .rodata            const       0x1'5650      0x14  FreeMaster_vars_map.o [1]
  .rodata            const       0x1'5664      0x14  fsl_clock.o [7]
  .rodata            const       0x1'5678      0x14  fsl_lpi2c.o [7]
  .rodata            const       0x1'568c      0x14  logger.o [1]
  .rodata            const       0x1'56a0      0x14  logger.o [1]
  .rodata            const       0x1'56b4      0x14  MonitorVT100.o [6]
  .rodata            const       0x1'56c8      0x14  MonitorVT100.o [6]
  .rodata            const       0x1'56dc      0x14  MonitorVT100.o [6]
  .rodata            const       0x1'56f0      0x14  Params_editor.o [6]
  .rodata            const       0x1'5704      0x14  Params_editor.o [6]
  .rodata            const       0x1'5718      0x14  Params_editor.o [6]
  .rodata            const       0x1'572c      0x14  tx_timer_initialize.o [11]
  .rodata            const       0x1'5740      0x10  ACS37800.o [1]
  .rodata            const       0x1'5750      0x10  BKMAN1_2_clock_config.o [5]
  .rodata            const       0x1'5760      0x10  BKMAN1_2_FreeMaster_vars.o [4]
  .rodata            const       0x1'5770      0x10  BKMAN1_2_FreeMaster_vars.o [4]
  .rodata            const       0x1'5780      0x10  BKMAN1_2_Params.o [4]
  .rodata            const       0x1'5790      0x10  freemaster_appcmd.o [2]
  .rodata            const       0x1'57a0      0x10  freemaster_appcmd.o [2]
  .rodata            const       0x1'57b0      0x10  freemaster_pipes.o [2]
  .rodata            const       0x1'57c0      0x10  freemaster_pipes.o [2]
  .rodata            const       0x1'57d0      0x10  freemaster_rec.o [2]
  .rodata            const       0x1'57e0      0x10  FreeMaster_task.o [1]
  .rodata            const       0x1'57f0      0x10  freemaster_tsa.o [2]
  .rodata            const       0x1'5800      0x10  freemaster_tsa.o [2]
  .rodata            const       0x1'5810      0x10  freemaster_ures.o [2]
  .rodata            const       0x1'5820      0x10  freemaster_ures.o [2]
  .rodata            const       0x1'5830      0x10  freemaster_ures.o [2]
  .rodata            const       0x1'5840      0x10  freemaster_ures.o [2]
  .rodata            const       0x1'5850      0x10  freemaster_utils.o [2]
  .rodata            const       0x1'5860      0x10  FreeMaster_vars_map.o [1]
  .rodata            const       0x1'5870      0x10  FreeMaster_vars_map.o [1]
[...]
_tx_timer_thread_stack_area
                        0x1fff'd9d0   0x400  Data  Gb  tx_timer_initialize.o [11]
_tx_timer_time_slice    0x1fff'ddd0     0x4  Data  Gb  tx_timer_initialize.o [11]
_txe_byte_allocate           0x49a5    0x98  Code  Gb  txe_byte_allocate.o [11]
_txe_byte_pool_create        0x48c5    0xe0  Code  Gb  txe_byte_pool_create.o [11]
_txe_byte_pool_info_get
                             0x4a91    0x2c  Code  Gb  txe_byte_pool_info_get.o [11]
_txe_byte_release            0x4a3d    0x54  Code  Gb  txe_byte_release.o [11]
_txe_event_flags_create
                             0xb57d    0xbc  Code  Gb  txe_event_flags_create.o [11]
_txe_event_flags_delete
                             0xdcd1    0x54  Code  Gb  txe_event_flags_delete.o [11]
_txe_event_flags_get         0xbd6d    0x70  Code  Gb  txe_event_flags_get.o [11]
_txe_event_flags_set         0xa9d5    0x34  Code  Gb  txe_event_flags_set.o [11]
_txe_mutex_create            0x5121    0xd4  Code  Gb  txe_mutex_create.o [11]
_txe_mutex_get               0x51f5    0x7c  Code  Gb  txe_mutex_get.o [11]
_txe_mutex_put               0x5271    0x50  Code  Gb  txe_mutex_put.o [11]
_txe_queue_create            0xe6ad    0xf8  Code  Gb  txe_queue_create.o [11]
_txe_queue_receive           0xe805    0x60  Code  Gb  txe_queue_receive.o [11]
_txe_queue_send              0xe7a5    0x60  Code  Gb  txe_queue_send.o [11]
_txe_thread_create           0x224d   0x160  Code  Gb  txe_thread_create.o [11]
abort                        0x71d1     0x6  Code  Gb  abort.o [12]
adc0_ch_cfg                0x1'5c00     0x8  Data  Gb  BKMAN1_2_ADC.o [5]
adc0_results            0x1fff'8340    0x20  Data  Gb  BKMAN1_2_ADC.o [5]
adc1_ch_cfg                0x1'5c40     0x8  Data  Gb  BKMAN1_2_ADC.o [5]
adc1_results            0x1fff'8380    0x20  Data  Gb  BKMAN1_2_ADC.o [5]
adc2_ch_cfg                0x1'5c80     0x8  Data  Gb  BKMAN1_2_ADC.o [5]
adc2_results            0x1fff'83c0    0x20  Data  Gb  BKMAN1_2_ADC.o [5]
app_flags_grp           0x1fff'd5ac    0x24  Data  Lc  main.o [1]
app_log                 0x1fff'a920  0x2a80  Data  Gb  logger.o [1]
ascii_to_hex                 0x14d1    0x2a  Code  Gb  Params_editor.o [6]
can_flags_grp           0x1fff'9214    0x24  Data  Lc  BKMAN1_2_CAN.o [5]
can_queue               0x1fff'9238    0x38  Data  Gb  BKMAN1_2_CAN.o [5]
can_thread              0x1fff'915c    0xb8  Data  Gb  BKMAN1_2_CAN.o [5]
can_tx_queue_buf        0x1fff'85e0    0xa0  Data  Gb  BKMAN1_2_CAN.o [5]
can_tx_ready            0x1fff'dffd     0x1  Data  Lc  BKMAN1_2_CAN.o [5]
clock_config               0x1'59b0     0xc  Data  Gb  BKMAN1_2_clock_config.o [5]
crc_tbl                    0x1'2d38   0x200  Data  Lc  CRC_utils.o [1]
digits                     0x1'41a0    0x28  Data  Lc  iar_Stoulx.o [12]
digits                     0x1'41f0    0x28  Data  Lc  iar_Stoullx.o [12]
dwvar                      0x1'331c    0xc0  Data  Gb  BKMAN1_2_Params.o [4]
eeprom_ok               0x1fff'e005     0x1  Data  Gb  main.o [1]
enc_a_cbl               0x1fff'a910     0x8  Data  Gb  Inputs.o [1]
enc_b_cbl               0x1fff'a918     0x8  Data  Gb  Inputs.o [1]
enc_sw_cbl              0x1fff'a908     0x8  Data  Gb  Inputs.o [1]
exit                       0x1'4c4f     0x4  Code  Gb  exit.o [12]
f_unsent_record         0x1fff'e004     0x1  Data  Gb  FreeMaster_task.o [1]
fm_pipe                 0x1fff'a7dc     0x4  Data  Gb  FreeMaster_task.o [1]
fmstr_appCmd            0x1fff'dffe     0x1  Data  Lc  freemaster_appcmd.o [2]
fmstr_appCmdBuff        0x1fff'9408    0x20  Data  Lc  freemaster_appcmd.o [2]
fmstr_appCmdCallFunc    0x1fff'9430    0x10  Data  Lc  freemaster_appcmd.o [2]
fmstr_appCmdCallId      0x1fff'942c     0x4  Data  Lc  freemaster_appcmd.o [2]
fmstr_appCmdLen         0x1fff'9428     0x4  Data  Lc  freemaster_appcmd.o [2]
fmstr_appCmdResult      0x1fff'dfff     0x1  Data  Lc  freemaster_appcmd.o [2]
fmstr_appCmdResultDataLen
                        0x1fff'e000     0x1  Data  Lc  freemaster_appcmd.o [2]
fmstr_nRxCrc8           0x1fff'e003     0x1  Data  Lc  freemaster_serial.o [2]
fmstr_nRxTodo           0x1fff'e002     0x1  Data  Lc  freemaster_serial.o [2]
fmstr_nTxTodo           0x1fff'e001     0x1  Data  Lc  freemaster_serial.o [2]
fmstr_pCommBuffer       0x1fff'a5c0    0xf8  Data  Lc  freemaster_serial.o [2]
fmstr_pOwnRecBuffer     0x1fff'9594  0x1000  Data  Lc  freemaster_rec.o [2]
fmstr_pRxBuff           0x1fff'a6c0     0x4  Data  Lc  freemaster_serial.o [2]
fmstr_pTxBuff           0x1fff'a6bc     0x4  Data  Lc  freemaster_serial.o [2]
fmstr_recBuffs          0x1fff'9584    0x10  Data  Gb  freemaster_rec.o [2]
fmstr_rxBuff            0x1fff'a6c4    0x20  Data  Lc  freemaster_serial.o [2]
fmstr_rxQueue           0x1fff'a6e4    0x10  Data  Lc  freemaster_serial.o [2]
fmstr_scopeCfg          0x1fff'a594    0x2c  Data  Lc  freemaster_scope.o [2]
fmstr_serialBaseAddr    0x1fff'a6f4     0x4  Data  Lc  freemaster_serial_lpuart.o [3]
fmstr_tsaBuffAddr       0x1fff'a7ec     0x4  Data  Lc  freemaster_tsa.o [2]
fmstr_tsaBuffSize       0x1fff'a7e8     0x4  Data  Lc  freemaster_tsa.o [2]
fmstr_tsaTableIndex     0x1fff'a7f0     0x4  Data  Lc  freemaster_tsa.o [2]
freemaster_flags        0x1fff'a7b0    0x24  Data  Lc  FreeMaster_task.o [1]
freemaster_thread       0x1fff'a6f8    0xb8  Data  Gb  FreeMaster_task.o [1]
g_ADC_raw_results       0x1fff'9090    0x30  Data  Gb  BKMAN1_2_ADC.o [5]
g_ADC_results           0x1fff'90c0    0x18  Data  Gb  BKMAN1_2_ADC.o [5]
g_adc_cnt               0x1fff'90d8     0x4  Data  Lc  BKMAN1_2_ADC.o [5]
g_app_pool              0x1fff'd5e4    0x34  Data  Gb  Mem_man.o [1]
g_app_pool_memory       0x1fff'd5dc     0x4  Data  Gb  Mem_man.o [1]
g_app_pool_size         0x1fff'd5e0     0x4  Data  Gb  Mem_man.o [1]
g_cpu_usage             0x1fff'd46c     0x4  Data  Gb  main.o [1]
g_i2c1_handle           0x1fff'9274    0x38  Data  Gb  BKMAN1_2_I2C.o [5]
g_ptr_CAN               0x1fff'9270     0x4  Data  Gb  BKMAN1_2_CAN.o [5]
g_res_bank              0x1fff'dffc     0x1  Data  Lc  BKMAN1_2_ADC.o [5]
g_scgFircConfig_BOARD_BootClockRUN
                           0x1'59bc     0xc  Data  Gb  BKMAN1_2_clock_config.o [5]
g_scgSircConfig_BOARD_BootClockRUN
                           0x1'5c98     0x8  Data  Gb  BKMAN1_2_clock_config.o [5]
g_scgSysPllConfig_BOARD_BootClockRUN
                           0x1'5750    0x10  Data  Gb  BKMAN1_2_clock_config.o [5]
g_sysClkConfig_BOARD_BootClockRUN
                           0x1'5e84     0x4  Data  Gb  BKMAN1_2_clock_config.o [5]
g_xtal0Freq             0x1fff'a7f4     0x4  Data  Gb  fsl_clock.o [7]
i2c1_flags              0x1fff'92ac    0x24  Data  Lc  BKMAN1_2_I2C.o [5]
idle_thread             0x1fff'a850    0xb8  Data  Gb  IDLE_task.o [1]
init_ADC_DMA_cbl           0x1'457c    0x30  Data  Gb  BKMAN1_2_ADC.o [5]
init_mparams                 0x7351    0x38  Code  Lc  dlmalloc.o [12]
init_top                     0x7389    0x36  Code  Lc  dlmalloc.o [12]
inited                  0x1fff'e009     0x1  Data  Gb  OLED_control.o [1]
inp                     0x1fff'dff4     0x2  Data  Gb  Inputs.o [1]
inp_flags               0x1fff'dff8     0x2  Data  Gb  Inputs.o [1]
inp_prev                0x1fff'dff6     0x2  Data  Gb  Inputs.o [1]
isalpha                      0x2431    0x16  Code  Gb  isalpha.o [12]
isgraph                      0x1f95    0x46  Code  Gb  isgraph.o [12]
isspace                      0x1f81    0x14  Code  Gb  isspace.o [12]
kLpi2cBases                0x1'5d28     0x8  Data  Lc  fsl_lpi2c.o [7]
kLpi2cClocks               0x1'5d30     0x8  Data  Lc  fsl_lpi2c.o [7]
kLpi2cIrqs                   0x55da     0x2  Data  Lc  fsl_lpi2c.o [7]
ldexp                        0x54a1          Code  Gb  ldexp.o [13]
ldexpl                       0x54a1          Code  Gb  ldexp.o [13]
log_cbl                 0x1fff'd3a0    0x10  Data  Lc  logger.o [1]
log_mutex               0x1fff'd3b0    0x34  Data  Lc  logger.o [1]
log_str                 0x1fff'a7e4     0x4  Data  Gb  FreeMaster_task.o [1]
lpflt_ACCUM_I           0x1fff'9124     0x8  Data  Lc  BKMAN1_2_ADC.o [5]
lpflt_ACCUM_ID_I        0x1fff'911c     0x8  Data  Lc  BKMAN1_2_ADC.o [5]
lpflt_ACCUM_V           0x1fff'9154     0x8  Data  Lc  BKMAN1_2_ADC.o [5]
lpflt_INVERT_I          0x1fff'9134     0x8  Data  Lc  BKMAN1_2_ADC.o [5]
lpflt_INVERT_V          0x1fff'913c     0x8  Data  Lc  BKMAN1_2_ADC.o [5]
lpflt_PSRC_I            0x1fff'912c     0x8  Data  Lc  BKMAN1_2_ADC.o [5]
lpflt_PSRC_V            0x1fff'914c     0x8  Data  Lc  BKMAN1_2_ADC.o [5]
lpflt_PWR24_V           0x1fff'9144     0x8  Data  Lc  BKMAN1_2_ADC.o [5]
main                         0xe86d    0x16  Code  Gb  main.o [1]
main_thread             0x1fff'd4f4    0xb8  Data  Gb  main.o [1]
memchr                       0x5371          Code  Gb  memchr.o [14]
mfltr_ACCUM_I           0x1fff'90ec     0x8  Data  Gb  BKMAN1_2_ADC.o [5]
mfltr_ACCUM_ID_I        0x1fff'90e4     0x8  Data  Gb  BKMAN1_2_ADC.o [5]
mfltr_ACCUM_V           0x1fff'910c     0x8  Data  Gb  BKMAN1_2_ADC.o [5]
mfltr_CPU_temper        0x1fff'9114     0x8  Data  Gb  BKMAN1_2_ADC.o [5]
mfltr_INVERT_I          0x1fff'90fc     0x8  Data  Gb  BKMAN1_2_ADC.o [5]
mfltr_PSRC_I            0x1fff'90f4     0x8  Data  Gb  BKMAN1_2_ADC.o [5]
mfltr_PSRC_V            0x1fff'9104     0x8  Data  Gb  BKMAN1_2_ADC.o [5]
mfltr_VREF_1_65V        0x1fff'90dc     0x8  Data  Gb  BKMAN1_2_ADC.o [5]
mparams                 0x1fff'dfbc    0x18  Data  Lc  dlmalloc.o [12]
mtx                     0x1fff'ddd4    0x10  Data  Lc  xsyslock_mtx.o [16]
ndigs                      0x1'4178    0x28  Data  Lc  iar_Stoulx.o [12]
ndigs                      0x1'41c8    0x28  Data  Lc  iar_Stoullx.o [12]
nv_store_ok             0x1fff'e006     0x1  Data  Gb  main.o [1]
out_pins                   0x1'475c    0x28  Data  Gb  Outputs.o [1]
outputs_mutex           0x1fff'd68c    0x34  Data  Lc  Outputs.o [1]
outs_cbl                0x1fff'd628    0x64  Data  Gb  Outputs.o [1]
p_log_rec               0x1fff'a7e0     0x4  Data  Gb  FreeMaster_task.o [1]
p_vt100_stacks          0x1fff'd618     0x8  Data  Lc  MonitorVT100.o [6]
p_vt100_task_cbls       0x1fff'd620     0x8  Data  Gb  MonitorVT100.o [6]
params_tables_info      0x1fff'8178     0xc  Data  Gb  BKMAN1_2_Params_dyn_tables.o [4]
parmenu                    0x1'4acc    0x20  Data  Gb  BKMAN1_2_Params.o [4]
pattern                 0x1fff'e00a     0x1  Data  Gb  OLED_control.o [1]
pcb_sigs_map               0x1'1e3c   0x4b4  Data  Gb  BKMAN1_2_monitor.o [6]
pcm_pipes               0x1fff'9440   0x144  Data  Lc  freemaster_pipes.o [2]
pipeRxBuff              0x1fff'a7d4     0x4  Data  Gb  FreeMaster_task.o [1]
pipeRxSize              0x1fff'dff0     0x2  Data  Gb  FreeMaster_task.o [1]
pipeTxBuff              0x1fff'a7d8     0x4  Data  Gb  FreeMaster_task.o [1]
pipeTxSize              0x1fff'dff2     0x2  Data  Gb  FreeMaster_task.o [1]
pows                       0x1'42b0    0x48  Data  Lc  strto64.o [13]
ranmatch                     0x414f    0x4c  Code  Lc  xscanffull_nomb.o [12]
ref_time                0x1fff'8c80     0x8  Data  Gb  main.o [1]
reg_U15_0x1C            0x1fff'9088     0x4  Data  Gb  ACS37800.o [1]
reg_U15_0x1C_new        0x1fff'8008     0x4  Data  Gb  ACS37800.o [1]
reg_U17_0x1C            0x1fff'908c     0x4  Data  Gb  ACS37800.o [1]
reg_U17_0x1C_new        0x1fff'800c     0x4  Data  Gb  ACS37800.o [1]
request_save_to_NV_mem  0x1fff'e007     0x1  Data  Gb  main.o [1]
round                        0xc4fd          Code  Gb  round.o [13]
roundl                       0xc4fd          Code  Gb  round.o [13]
rx_mboxes                  0x1'3eb0    0x60  Data  Gb  BKMAN1_2_CAN.o [5]
s_ACCUM_I               0x1fff'dfe0     0x2  Data  Gb  BKMAN1_2_ADC.o [5]
s_ACCUM_ID_I            0x1fff'dfde     0x2  Data  Gb  BKMAN1_2_ADC.o [5]
s_ACCUM_V               0x1fff'dfe8     0x2  Data  Gb  BKMAN1_2_ADC.o [5]
s_CPU_temper            0x1fff'dfea     0x2  Data  Gb  BKMAN1_2_ADC.o [5]
s_EDMAHandle            0x1fff'a7f8    0x40  Data  Lc  fsl_edma.o [7]
s_INVERT_I              0x1fff'dfe4     0x2  Data  Gb  BKMAN1_2_ADC.o [5]
s_PSRC_I                0x1fff'dfe2     0x2  Data  Gb  BKMAN1_2_ADC.o [5]
s_PSRC_V                0x1fff'dfe6     0x2  Data  Gb  BKMAN1_2_ADC.o [5]
s_VREF_1_65V            0x1fff'dfdc     0x2  Data  Gb  BKMAN1_2_ADC.o [5]
s_lpi2cMasterHandle     0x1fff'a83c     0x8  Data  Lc  fsl_lpi2c.o [7]
s_lpi2cMasterIsr        0x1fff'a838     0x4  Data  Lc  fsl_lpi2c.o [7]
s_lpi2cSlaveHandle      0x1fff'a848     0x8  Data  Lc  fsl_lpi2c.o [7]
s_lpi2cSlaveIsr         0x1fff'a844     0x4  Data  Lc  fsl_lpi2c.o [7]
scalbln                      0x54a1          Code  Gb  ldexp.o [13]
scalblnl                     0x54a1          Code  Gb  ldexp.o [13]
scalbn                       0x54a1          Code  Gb  ldexp.o [13]
scalbnl                      0x54a1          Code  Gb  ldexp.o [13]
scale                        0x3571    0x46  Code  Lc  xprintffull_nomb.o [12]
sec_hand                0x1fff'dfd4     0x4  Data  Lc  xfail_s.o [12]
segment_holding              0x7335    0x1c  Code  Lc  dlmalloc.o [12]
ser_drivers             0x1fff'82c0     0xc  Data  Lc  Monitor_serial_drv.o [6]
sig_aids_fbc            0x1fff'9348     0x4  Data  Gb  BKMAN1_2_PINS.o [5]
sig_aids_shdn           0x1fff'9344     0x4  Data  Gb  BKMAN1_2_PINS.o [5]
sig_dcdc_mode           0x1fff'9350     0x4  Data  Gb  BKMAN1_2_PINS.o [5]
sig_en_DCDC             0x1fff'934c     0x4  Data  Gb  BKMAN1_2_PINS.o [5]
sig_invsw_on            0x1fff'933c     0x4  Data  Gb  BKMAN1_2_PINS.o [5]
sig_led_gr              0x1fff'932c     0x4  Data  Gb  BKMAN1_2_PINS.o [5]
sig_led_rd              0x1fff'9330     0x4  Data  Gb  BKMAN1_2_PINS.o [5]
sig_oled_cs             0x1fff'9320     0x4  Data  Gb  BKMAN1_2_PINS.o [5]
sig_oled_dc             0x1fff'9328     0x4  Data  Gb  BKMAN1_2_PINS.o [5]
sig_oled_res            0x1fff'9324     0x4  Data  Gb  BKMAN1_2_PINS.o [5]
sig_oledp               0x1fff'9318     0x4  Data  Gb  BKMAN1_2_PINS.o [5]
sig_oledv               0x1fff'931c     0x4  Data  Gb  BKMAN1_2_PINS.o [5]
sig_out1                0x1fff'9334     0x4  Data  Gb  BKMAN1_2_PINS.o [5]
sig_out2                0x1fff'9338     0x4  Data  Gb  BKMAN1_2_PINS.o [5]
sig_pids_shdn           0x1fff'9340     0x4  Data  Gb  BKMAN1_2_PINS.o [5]
sig_sw_inv_path         0x1fff'9354     0x4  Data  Gb  BKMAN1_2_PINS.o [5]
sig_sw_mains_path       0x1fff'9358     0x4  Data  Gb  BKMAN1_2_PINS.o [5]
snprintf                     0x1ea1    0x44  Code  Gb  snprintf.o [12]
sprintf                      0x1d05    0x40  Code  Gb  sprintf.o [12]
sscanf                       0x1f41    0x28  Code  Gb  sscanf.o [12]
st_aids_fbc             0x1fff'9304     0x4  Data  Gb  BKMAN1_2_PINS.o [5]
st_aids_shdn            0x1fff'9300     0x4  Data  Gb  BKMAN1_2_PINS.o [5]
st_dcdc_mode            0x1fff'930c     0x4  Data  Gb  BKMAN1_2_PINS.o [5]
st_en_DCDC              0x1fff'9308     0x4  Data  Gb  BKMAN1_2_PINS.o [5]
st_invsw_on             0x1fff'92f8     0x4  Data  Gb  BKMAN1_2_PINS.o [5]
st_led_gr               0x1fff'92e8     0x4  Data  Gb  BKMAN1_2_PINS.o [5]
st_led_rd               0x1fff'92ec     0x4  Data  Gb  BKMAN1_2_PINS.o [5]
st_oled_cs              0x1fff'92dc     0x4  Data  Gb  BKMAN1_2_PINS.o [5]
st_oled_dc              0x1fff'92e4     0x4  Data  Gb  BKMAN1_2_PINS.o [5]
st_oled_res             0x1fff'92e0     0x4  Data  Gb  BKMAN1_2_PINS.o [5]
st_oledp                0x1fff'92d4     0x4  Data  Gb  BKMAN1_2_PINS.o [5]
st_oledv                0x1fff'92d8     0x4  Data  Gb  BKMAN1_2_PINS.o [5]
st_out1                 0x1fff'92f0     0x4  Data  Gb  BKMAN1_2_PINS.o [5]
st_out2                 0x1fff'92f4     0x4  Data  Gb  BKMAN1_2_PINS.o [5]
st_pids_shdn            0x1fff'92fc     0x4  Data  Gb  BKMAN1_2_PINS.o [5]
st_sw_inv_path          0x1fff'9310     0x4  Data  Gb  BKMAN1_2_PINS.o [5]
st_sw_mains_path        0x1fff'9314     0x4  Data  Gb  BKMAN1_2_PINS.o [5]
strchr                       0x5319          Code  Gb  strchr.o [14]
strcmp                       0x1fe5          Code  Gb  strcmp.o [14]
strcpy                       0x1f69          Code  Gb  strcpy.o [14]
strlen                       0x1d45          Code  Gb  strlen.o [14]
strncpy                      0x2105          Code  Gb  strncpy.o [14]
strtod                       0x4855     0x6  Code  Gb  strto64.o [13]
strtol                       0x2087     0x4  Code  Gb  iar_Stolx.o [12]
strtold                      0x4855     0x6  Code  Gb  strto64.o [13]
strtoll                      0x5f19     0x2  Code  Gb  iar_Stollx.o [12]
strtoull                     0x5e6d     0x2  Code  Gb  iar_Stoullx.o [12]
sys                     0x1fff'd470    0x84  Data  Gb  main.o [1]
system_sec_counter      0x1fff'd3e4     0x4  Data  Gb  main.o [1]
tbl_client_ap_list      0x1fff'80d0    0xa8  Data  Gb  BKMAN1_2_Params_dyn_tables.o [4]
thread_can_stack        0x1fff'83e0   0x200  Data  Gb  BKMAN1_2_CAN.o [5]
thread_freemaster_stack
                        0x1fff'8680   0x400  Data  Gb  FreeMaster_task.o [1]
thread_idle_stack       0x1fff'8a80   0x200  Data  Gb  IDLE_task.o [1]
thread_main_stack       0x1fff'8c88   0x400  Data  Gb  main.o [1]
time_delay                   0x23ad    0x18  Code  Gb  Time_utils.o [1]
toupper                      0x2447     0xc  Code  Gb  toupper.o [12]
tx_application_define        0xe883    0x3a  Code  Gb  main.o [1]
tx_thread_fpu_disable      0x1'13b3          Code  Gb  tx_thread_schedule.o [10]
tx_thread_fpu_enable       0x1'13b3          Code  Gb  tx_thread_schedule.o [10]
uart0_driver            0x1fff'8260    0x20  Data  Gb  Monitor_serial_drv.o [6]
uart1_driver            0x1fff'8280    0x20  Data  Gb  Monitor_serial_drv.o [6]
uart2_driver            0x1fff'82a0    0x20  Data  Gb  Monitor_serial_drv.o [6]
uart_rx_callback           0x1'2ac7    0x3c  Code  Lc  Monitor_serial_drv.o [6]
uart_tx_callback           0x1'2a61    0x66  Code  Lc  Monitor_serial_drv.o [6]
vsnprintf                    0x52c1    0x3c  Code  Gb  vsnprint.o [12]
vt100_allocations       0x1fff'dffa     0x2  Data  Lc  MonitorVT100.o [6]
wvar                    0x1fff'd3e8    0x84  Data  Gb  main.o [1]


[1] = d:\Embedded\Projects\OpenSource\Backup controller_v2.0\Software\Regulated_power_source\OUTPUT\obj\RegulatedPowerSource\APP
[2] = d:\Embedded\Projects\OpenSource\Backup controller_v2.0\Software\Regulated_power_source\OUTPUT\obj\RegulatedPowerSource\APP\FreeMaster
[3] = d:\Embedded\Projects\OpenSource\Backup controller_v2.0\Software\Regulated_power_source\OUTPUT\obj\RegulatedPowerSource\APP\FreeMaster\driver
[4] = d:\Embedded\Projects\OpenSource\Backup controller_v2.0\Software\Regulated_power_source\OUTPUT\obj\RegulatedPowerSource\APP\Parameters
[5] = d:\Embedded\Projects\OpenSource\Backup controller_v2.0\Software\Regulated_power_source\OUTPUT\obj\RegulatedPowerSource\APP\Peripherial
[6] = d:\Embedded\Projects\OpenSource\Backup controller_v2.0\Software\Regulated_power_source\OUTPUT\obj\RegulatedPowerSource\APP\VT100
[7] = d:\Embedded\Projects\OpenSource\Backup controller_v2.0\Software\Regulated_power_source\OUTPUT\obj\RegulatedPowerSource\FSL
[8] = d:\Embedded\Projects\OpenSource\Backup controller_v2.0\Software\Regulated_power_source\OUTPUT\obj\RegulatedPowerSource\ThreadX
[9] = d:\Embedded\Projects\OpenSource\Backup controller_v2.0\Software\Regulated_power_source\OUTPUT\obj\RegulatedPowerSource\ThreadX\execution_profile_kit
[10] = d:\Embedded\Projects\OpenSource\Backup controller_v2.0\Software\Regulated_power_source\OUTPUT\obj\RegulatedPowerSource\ThreadX\port\src
[11] = d:\Embedded\Projects\OpenSource\Backup controller_v2.0\Software\Regulated_power_source\OUTPUT\obj\RegulatedPowerSource\ThreadX\src
[12] = dl7M_tln.a
[13] = m7M_tls.a
[14] = rt7M_tl.a
[15] = shb_l.a
[16] = th7M_tln.a

  75'417 bytes of readonly  code memory
      44 bytes of readwrite code memory
  14'905 bytes of readonly  data memory
  25'025 bytes of readwrite data memory

Errors: none
Warnings: none
